Component: ARM Compiler 5.06 update 7 (build 960) Tool: armlink [4d3601]

==============================================================================

Section Cross References

    system_stm32f10x.o(i.SetSysClock) refers to system_stm32f10x.o(i.SetSysClockTo72) for SetSysClockTo72
    system_stm32f10x.o(i.SystemCoreClockUpdate) refers to system_stm32f10x.o(.data) for SystemCoreClock
    system_stm32f10x.o(i.SystemInit) refers to system_stm32f10x.o(i.SetSysClock) for SetSysClock
    stm32f10x_adc.o(i.ADC_DeInit) refers to stm32f10x_rcc.o(i.RCC_APB2PeriphResetCmd) for RCC_APB2PeriphResetCmd
    stm32f10x_bkp.o(i.BKP_DeInit) refers to stm32f10x_rcc.o(i.RCC_BackupResetCmd) for RCC_BackupResetCmd
    stm32f10x_can.o(i.CAN_DeInit) refers to stm32f10x_rcc.o(i.RCC_APB1PeriphResetCmd) for RCC_APB1PeriphResetCmd
    stm32f10x_can.o(i.CAN_GetITStatus) refers to stm32f10x_can.o(i.CheckITStatus) for CheckITStatus
    stm32f10x_cec.o(i.CEC_DeInit) refers to stm32f10x_rcc.o(i.RCC_APB1PeriphResetCmd) for RCC_APB1PeriphResetCmd
    stm32f10x_dac.o(i.DAC_DeInit) refers to stm32f10x_rcc.o(i.RCC_APB1PeriphResetCmd) for RCC_APB1PeriphResetCmd
    stm32f10x_flash.o(i.FLASH_EnableWriteProtection) refers to stm32f10x_flash.o(i.FLASH_WaitForLastOperation) for FLASH_WaitForLastOperation
    stm32f10x_flash.o(i.FLASH_EraseAllBank1Pages) refers to stm32f10x_flash.o(i.FLASH_WaitForLastBank1Operation) for FLASH_WaitForLastBank1Operation
    stm32f10x_flash.o(i.FLASH_EraseAllPages) refers to stm32f10x_flash.o(i.FLASH_WaitForLastOperation) for FLASH_WaitForLastOperation
    stm32f10x_flash.o(i.FLASH_EraseOptionBytes) refers to stm32f10x_flash.o(i.FLASH_GetReadOutProtectionStatus) for FLASH_GetReadOutProtectionStatus
    stm32f10x_flash.o(i.FLASH_EraseOptionBytes) refers to stm32f10x_flash.o(i.FLASH_WaitForLastOperation) for FLASH_WaitForLastOperation
    stm32f10x_flash.o(i.FLASH_ErasePage) refers to stm32f10x_flash.o(i.FLASH_WaitForLastOperation) for FLASH_WaitForLastOperation
    stm32f10x_flash.o(i.FLASH_ProgramHalfWord) refers to stm32f10x_flash.o(i.FLASH_WaitForLastOperation) for FLASH_WaitForLastOperation
    stm32f10x_flash.o(i.FLASH_ProgramOptionByteData) refers to stm32f10x_flash.o(i.FLASH_WaitForLastOperation) for FLASH_WaitForLastOperation
    stm32f10x_flash.o(i.FLASH_ProgramWord) refers to stm32f10x_flash.o(i.FLASH_WaitForLastOperation) for FLASH_WaitForLastOperation
    stm32f10x_flash.o(i.FLASH_ReadOutProtection) refers to stm32f10x_flash.o(i.FLASH_WaitForLastOperation) for FLASH_WaitForLastOperation
    stm32f10x_flash.o(i.FLASH_UserOptionByteConfig) refers to stm32f10x_flash.o(i.FLASH_WaitForLastOperation) for FLASH_WaitForLastOperation
    stm32f10x_flash.o(i.FLASH_WaitForLastBank1Operation) refers to stm32f10x_flash.o(i.FLASH_GetBank1Status) for FLASH_GetBank1Status
    stm32f10x_flash.o(i.FLASH_WaitForLastOperation) refers to stm32f10x_flash.o(i.FLASH_GetBank1Status) for FLASH_GetBank1Status
    stm32f10x_gpio.o(i.GPIO_AFIODeInit) refers to stm32f10x_rcc.o(i.RCC_APB2PeriphResetCmd) for RCC_APB2PeriphResetCmd
    stm32f10x_gpio.o(i.GPIO_DeInit) refers to stm32f10x_rcc.o(i.RCC_APB2PeriphResetCmd) for RCC_APB2PeriphResetCmd
    stm32f10x_i2c.o(i.I2C_DeInit) refers to stm32f10x_rcc.o(i.RCC_APB1PeriphResetCmd) for RCC_APB1PeriphResetCmd
    stm32f10x_i2c.o(i.I2C_Init) refers to stm32f10x_rcc.o(i.RCC_GetClocksFreq) for RCC_GetClocksFreq
    stm32f10x_pwr.o(i.PWR_DeInit) refers to stm32f10x_rcc.o(i.RCC_APB1PeriphResetCmd) for RCC_APB1PeriphResetCmd
    stm32f10x_rcc.o(i.RCC_GetClocksFreq) refers to stm32f10x_rcc.o(.data) for APBAHBPrescTable
    stm32f10x_rcc.o(i.RCC_WaitForHSEStartUp) refers to stm32f10x_rcc.o(i.RCC_GetFlagStatus) for RCC_GetFlagStatus
    stm32f10x_rtc.o(i.RTC_SetAlarm) refers to stm32f10x_rtc.o(i.RTC_EnterConfigMode) for RTC_EnterConfigMode
    stm32f10x_rtc.o(i.RTC_SetAlarm) refers to stm32f10x_rtc.o(i.RTC_ExitConfigMode) for RTC_ExitConfigMode
    stm32f10x_rtc.o(i.RTC_SetCounter) refers to stm32f10x_rtc.o(i.RTC_EnterConfigMode) for RTC_EnterConfigMode
    stm32f10x_rtc.o(i.RTC_SetCounter) refers to stm32f10x_rtc.o(i.RTC_ExitConfigMode) for RTC_ExitConfigMode
    stm32f10x_rtc.o(i.RTC_SetPrescaler) refers to stm32f10x_rtc.o(i.RTC_EnterConfigMode) for RTC_EnterConfigMode
    stm32f10x_rtc.o(i.RTC_SetPrescaler) refers to stm32f10x_rtc.o(i.RTC_ExitConfigMode) for RTC_ExitConfigMode
    stm32f10x_spi.o(i.I2S_Init) refers to stm32f10x_rcc.o(i.RCC_GetClocksFreq) for RCC_GetClocksFreq
    stm32f10x_spi.o(i.SPI_I2S_DeInit) refers to stm32f10x_rcc.o(i.RCC_APB2PeriphResetCmd) for RCC_APB2PeriphResetCmd
    stm32f10x_spi.o(i.SPI_I2S_DeInit) refers to stm32f10x_rcc.o(i.RCC_APB1PeriphResetCmd) for RCC_APB1PeriphResetCmd
    stm32f10x_tim.o(i.TIM_DeInit) refers to stm32f10x_rcc.o(i.RCC_APB2PeriphResetCmd) for RCC_APB2PeriphResetCmd
    stm32f10x_tim.o(i.TIM_DeInit) refers to stm32f10x_rcc.o(i.RCC_APB1PeriphResetCmd) for RCC_APB1PeriphResetCmd
[...]
    Removing stm32f10x_dac.o(i.DAC_DualSoftwareTriggerCmd), (36 bytes).
    Removing stm32f10x_dac.o(i.DAC_GetDataOutputValue), (36 bytes).
    Removing stm32f10x_dac.o(i.DAC_Init), (52 bytes).
    Removing stm32f10x_dac.o(i.DAC_SetChannel1Data), (32 bytes).
    Removing stm32f10x_dac.o(i.DAC_SetChannel2Data), (32 bytes).
    Removing stm32f10x_dac.o(i.DAC_SetDualChannelData), (36 bytes).
    Removing stm32f10x_dac.o(i.DAC_SoftwareTriggerCmd), (44 bytes).
    Removing stm32f10x_dac.o(i.DAC_StructInit), (12 bytes).
    Removing stm32f10x_dac.o(i.DAC_WaveGenerationCmd), (40 bytes).
    Removing stm32f10x_dbgmcu.o(i.DBGMCU_Config), (32 bytes).
    Removing stm32f10x_dbgmcu.o(i.DBGMCU_GetDEVID), (16 bytes).
    Removing stm32f10x_dbgmcu.o(i.DBGMCU_GetREVID), (12 bytes).
    Removing stm32f10x_dma.o(i.DMA_ClearFlag), (28 bytes).
    Removing stm32f10x_dma.o(i.DMA_ClearITPendingBit), (28 bytes).
    Removing stm32f10x_dma.o(i.DMA_Cmd), (24 bytes).
    Removing stm32f10x_dma.o(i.DMA_DeInit), (332 bytes).
    Removing stm32f10x_dma.o(i.DMA_GetCurrDataCounter), (8 bytes).
    Removing stm32f10x_dma.o(i.DMA_GetFlagStatus), (44 bytes).
    Removing stm32f10x_dma.o(i.DMA_GetITStatus), (44 bytes).
    Removing stm32f10x_dma.o(i.DMA_ITConfig), (18 bytes).
    Removing stm32f10x_dma.o(i.DMA_Init), (60 bytes).
    Removing stm32f10x_dma.o(i.DMA_SetCurrDataCounter), (4 bytes).
    Removing stm32f10x_dma.o(i.DMA_StructInit), (26 bytes).
    Removing stm32f10x_exti.o(i.EXTI_ClearFlag), (12 bytes).
    Removing stm32f10x_exti.o(i.EXTI_DeInit), (36 bytes).
    Removing stm32f10x_exti.o(i.EXTI_GenerateSWInterrupt), (16 bytes).
    Removing stm32f10x_exti.o(i.EXTI_GetFlagStatus), (24 bytes).
    Removing stm32f10x_exti.o(i.EXTI_Init), (148 bytes).
    Removing stm32f10x_exti.o(i.EXTI_StructInit), (16 bytes).
    Removing stm32f10x_flash.o(i.FLASH_ClearFlag), (12 bytes).
    Removing stm32f10x_flash.o(i.FLASH_EnableWriteProtection), (196 bytes).
    Removing stm32f10x_flash.o(i.FLASH_EraseAllBank1Pages), (72 bytes).
    Removing stm32f10x_flash.o(i.FLASH_EraseAllPages), (72 bytes).
    Removing stm32f10x_flash.o(i.FLASH_EraseOptionBytes), (168 bytes).
    Removing stm32f10x_flash.o(i.FLASH_ErasePage), (76 bytes).
    Removing stm32f10x_flash.o(i.FLASH_GetBank1Status), (52 bytes).
    Removing stm32f10x_flash.o(i.FLASH_GetFlagStatus), (48 bytes).
    Removing stm32f10x_flash.o(i.FLASH_GetPrefetchBufferStatus), (24 bytes).
    Removing stm32f10x_flash.o(i.FLASH_GetReadOutProtectionStatus), (24 bytes).
    Removing stm32f10x_flash.o(i.FLASH_GetStatus), (52 bytes).
    Removing stm32f10x_flash.o(i.FLASH_GetUserOptionByte), (12 bytes).
    Removing stm32f10x_flash.o(i.FLASH_GetWriteProtectionOptionByte), (12 bytes).
    Removing stm32f10x_flash.o(i.FLASH_HalfCycleAccessCmd), (28 bytes).
    Removing stm32f10x_flash.o(i.FLASH_ITConfig), (32 bytes).
    Removing stm32f10x_flash.o(i.FLASH_Lock), (20 bytes).
    Removing stm32f10x_flash.o(i.FLASH_LockBank1), (20 bytes).
    Removing stm32f10x_flash.o(i.FLASH_PrefetchBufferCmd), (28 bytes).
    Removing stm32f10x_flash.o(i.FLASH_ProgramHalfWord), (64 bytes).
    Removing stm32f10x_flash.o(i.FLASH_ProgramOptionByteData), (84 bytes).
    Removing stm32f10x_flash.o(i.FLASH_ProgramWord), (108 bytes).
    Removing stm32f10x_flash.o(i.FLASH_ReadOutProtection), (172 bytes).
    Removing stm32f10x_flash.o(i.FLASH_SetLatency), (24 bytes).
    Removing stm32f10x_flash.o(i.FLASH_Unlock), (24 bytes).
    Removing stm32f10x_flash.o(i.FLASH_UnlockBank1), (24 bytes).
    Removing stm32f10x_flash.o(i.FLASH_UserOptionByteConfig), (104 bytes).
    Removing stm32f10x_flash.o(i.FLASH_WaitForLastBank1Operation), (38 bytes).
    Removing stm32f10x_flash.o(i.FLASH_WaitForLastOperation), (38 bytes).
    Removing stm32f10x_fsmc.o(i.FSMC_ClearFlag), (64 bytes).
    Removing stm32f10x_fsmc.o(i.FSMC_ClearITPendingBit), (72 bytes).
    Removing stm32f10x_fsmc.o(i.FSMC_GetECC), (28 bytes).
    Removing stm32f10x_fsmc.o(i.FSMC_GetFlagStatus), (56 bytes).
    Removing stm32f10x_fsmc.o(i.FSMC_GetITStatus), (68 bytes).
    Removing stm32f10x_fsmc.o(i.FSMC_ITConfig), (128 bytes).
    Removing stm32f10x_fsmc.o(i.FSMC_NANDCmd), (92 bytes).
    Removing stm32f10x_fsmc.o(i.FSMC_NANDDeInit), (68 bytes).
    Removing stm32f10x_fsmc.o(i.FSMC_NANDECCCmd), (92 bytes).
    Removing stm32f10x_fsmc.o(i.FSMC_NANDInit), (136 bytes).
    Removing stm32f10x_fsmc.o(i.FSMC_NANDStructInit), (54 bytes).
    Removing stm32f10x_fsmc.o(i.FSMC_NORSRAMCmd), (52 bytes).
    Removing stm32f10x_fsmc.o(i.FSMC_NORSRAMDeInit), (54 bytes).
    Removing stm32f10x_fsmc.o(i.FSMC_NORSRAMInit), (230 bytes).
    Removing stm32f10x_fsmc.o(i.FSMC_NORSRAMStructInit), (114 bytes).
    Removing stm32f10x_fsmc.o(i.FSMC_PCCARDCmd), (48 bytes).
    Removing stm32f10x_fsmc.o(i.FSMC_PCCARDDeInit), (40 bytes).
    Removing stm32f10x_fsmc.o(i.FSMC_PCCARDInit), (132 bytes).
    Removing stm32f10x_fsmc.o(i.FSMC_PCCARDStructInit), (60 bytes).
    Removing stm32f10x_gpio.o(i.GPIO_AFIODeInit), (20 bytes).
    Removing stm32f10x_gpio.o(i.GPIO_DeInit), (200 bytes).
    Removing stm32f10x_gpio.o(i.GPIO_ETH_MediaInterfaceConfig), (12 bytes).
    Removing stm32f10x_gpio.o(i.GPIO_EXTILineConfig), (64 bytes).
    Removing stm32f10x_gpio.o(i.GPIO_EventOutputCmd), (12 bytes).
    Removing stm32f10x_gpio.o(i.GPIO_EventOutputConfig), (32 bytes).
    Removing stm32f10x_gpio.o(i.GPIO_PinLockConfig), (18 bytes).
    Removing stm32f10x_gpio.o(i.GPIO_PinRemapConfig), (144 bytes).
    Removing stm32f10x_gpio.o(i.GPIO_ReadInputData), (8 bytes).
    Removing stm32f10x_gpio.o(i.GPIO_ReadOutputData), (8 bytes).
    Removing stm32f10x_gpio.o(i.GPIO_ReadOutputDataBit), (18 bytes).
    Removing stm32f10x_gpio.o(i.GPIO_ResetBits), (4 bytes).
    Removing stm32f10x_gpio.o(i.GPIO_StructInit), (16 bytes).
    Removing stm32f10x_gpio.o(i.GPIO_Write), (4 bytes).
    Removing stm32f10x_i2c.o(i.I2C_ARPCmd), (24 bytes).
    Removing stm32f10x_i2c.o(i.I2C_AcknowledgeConfig), (24 bytes).
    Removing stm32f10x_i2c.o(i.I2C_CalculatePEC), (24 bytes).
    Removing stm32f10x_i2c.o(i.I2C_CheckEvent), (42 bytes).
    Removing stm32f10x_i2c.o(i.I2C_ClearFlag), (12 bytes).
    Removing stm32f10x_i2c.o(i.I2C_ClearITPendingBit), (12 bytes).
    Removing stm32f10x_i2c.o(i.I2C_Cmd), (24 bytes).
    Removing stm32f10x_i2c.o(i.I2C_DMACmd), (24 bytes).
    Removing stm32f10x_i2c.o(i.I2C_DMALastTransferCmd), (24 bytes).
    Removing stm32f10x_i2c.o(i.I2C_DeInit), (56 bytes).
    Removing stm32f10x_i2c.o(i.I2C_DualAddressCmd), (24 bytes).
    Removing stm32f10x_i2c.o(i.I2C_FastModeDutyCycleConfig), (28 bytes).
    Removing stm32f10x_i2c.o(i.I2C_GeneralCallCmd), (24 bytes).
    Removing stm32f10x_i2c.o(i.I2C_GenerateSTART), (24 bytes).
    Removing stm32f10x_i2c.o(i.I2C_GenerateSTOP), (24 bytes).
    Removing stm32f10x_i2c.o(i.I2C_GetFlagStatus), (58 bytes).
    Removing stm32f10x_i2c.o(i.I2C_GetITStatus), (38 bytes).
    Removing stm32f10x_i2c.o(i.I2C_GetLastEvent), (26 bytes).
    Removing stm32f10x_i2c.o(i.I2C_GetPEC), (8 bytes).
    Removing stm32f10x_i2c.o(i.I2C_ITConfig), (18 bytes).
    Removing stm32f10x_i2c.o(i.I2C_Init), (236 bytes).
    Removing stm32f10x_i2c.o(i.I2C_NACKPositionConfig), (28 bytes).
    Removing stm32f10x_i2c.o(i.I2C_OwnAddress2Config), (22 bytes).
    Removing stm32f10x_i2c.o(i.I2C_PECPositionConfig), (28 bytes).
    Removing stm32f10x_i2c.o(i.I2C_ReadRegister), (22 bytes).
    Removing stm32f10x_i2c.o(i.I2C_ReceiveData), (8 bytes).
    Removing stm32f10x_i2c.o(i.I2C_SMBusAlertConfig), (28 bytes).
    Removing stm32f10x_i2c.o(i.I2C_Send7bitAddress), (18 bytes).
    Removing stm32f10x_i2c.o(i.I2C_SendData), (4 bytes).
    Removing stm32f10x_i2c.o(i.I2C_SoftwareResetCmd), (22 bytes).
    Removing stm32f10x_i2c.o(i.I2C_StretchClockCmd), (24 bytes).
    Removing stm32f10x_i2c.o(i.I2C_StructInit), (30 bytes).
    Removing stm32f10x_i2c.o(i.I2C_TransmitPEC), (24 bytes).
    Removing stm32f10x_iwdg.o(i.IWDG_Enable), (16 bytes).
    Removing stm32f10x_iwdg.o(i.IWDG_GetFlagStatus), (24 bytes).
    Removing stm32f10x_iwdg.o(i.IWDG_ReloadCounter), (16 bytes).
    Removing stm32f10x_iwdg.o(i.IWDG_SetPrescaler), (12 bytes).
    Removing stm32f10x_iwdg.o(i.IWDG_SetReload), (12 bytes).
    Removing stm32f10x_iwdg.o(i.IWDG_WriteAccessCmd), (12 bytes).
    Removing stm32f10x_pwr.o(i.PWR_BackupAccessCmd), (12 bytes).
    Removing stm32f10x_pwr.o(i.PWR_ClearFlag), (20 bytes).
    Removing stm32f10x_pwr.o(i.PWR_DeInit), (22 bytes).
    Removing stm32f10x_pwr.o(i.PWR_EnterSTANDBYMode), (40 bytes).
    Removing stm32f10x_pwr.o(i.PWR_EnterSTOPMode), (64 bytes).
    Removing stm32f10x_pwr.o(i.PWR_GetFlagStatus), (24 bytes).
    Removing stm32f10x_pwr.o(i.PWR_PVDCmd), (12 bytes).
    Removing stm32f10x_pwr.o(i.PWR_PVDLevelConfig), (24 bytes).
    Removing stm32f10x_pwr.o(i.PWR_WakeUpPinCmd), (12 bytes).
    Removing stm32f10x_rcc.o(i.RCC_ADCCLKConfig), (24 bytes).
    Removing stm32f10x_rcc.o(i.RCC_AHBPeriphClockCmd), (32 bytes).
    Removing stm32f10x_rcc.o(i.RCC_APB1PeriphClockCmd), (32 bytes).
    Removing stm32f10x_rcc.o(i.RCC_APB1PeriphResetCmd), (32 bytes).
    Removing stm32f10x_rcc.o(i.RCC_APB2PeriphResetCmd), (32 bytes).
    Removing stm32f10x_rcc.o(i.RCC_AdjustHSICalibrationValue), (24 bytes).
    Removing stm32f10x_rcc.o(i.RCC_BackupResetCmd), (12 bytes).
    Removing stm32f10x_rcc.o(i.RCC_ClearFlag), (20 bytes).
    Removing stm32f10x_rcc.o(i.RCC_ClearITPendingBit), (12 bytes).
    Removing stm32f10x_rcc.o(i.RCC_ClockSecuritySystemCmd), (12 bytes).
    Removing stm32f10x_rcc.o(i.RCC_DeInit), (76 bytes).
    Removing stm32f10x_rcc.o(i.RCC_GetFlagStatus), (60 bytes).
    Removing stm32f10x_rcc.o(i.RCC_GetITStatus), (24 bytes).
    Removing stm32f10x_rcc.o(i.RCC_GetSYSCLKSource), (16 bytes).
    Removing stm32f10x_rcc.o(i.RCC_HCLKConfig), (24 bytes).
    Removing stm32f10x_rcc.o(i.RCC_HSEConfig), (76 bytes).
    Removing stm32f10x_rcc.o(i.RCC_HSICmd), (12 bytes).
    Removing stm32f10x_rcc.o(i.RCC_ITConfig), (32 bytes).
    Removing stm32f10x_rcc.o(i.RCC_LSEConfig), (52 bytes).
    Removing stm32f10x_rcc.o(i.RCC_LSICmd), (12 bytes).
    Removing stm32f10x_rcc.o(i.RCC_MCOConfig), (12 bytes).
    Removing stm32f10x_rcc.o(i.RCC_PCLK1Config), (24 bytes).
    Removing stm32f10x_rcc.o(i.RCC_PCLK2Config), (24 bytes).
    Removing stm32f10x_rcc.o(i.RCC_PLLCmd), (12 bytes).
    Removing stm32f10x_rcc.o(i.RCC_PLLConfig), (28 bytes).
    Removing stm32f10x_rcc.o(i.RCC_RTCCLKCmd), (12 bytes).
    Removing stm32f10x_rcc.o(i.RCC_RTCCLKConfig), (16 bytes).
    Removing stm32f10x_rcc.o(i.RCC_SYSCLKConfig), (24 bytes).
    Removing stm32f10x_rcc.o(i.RCC_USBCLKConfig), (12 bytes).
    Removing stm32f10x_rcc.o(i.RCC_WaitForHSEStartUp), (56 bytes).
    Removing stm32f10x_rtc.o(i.RTC_ClearFlag), (16 bytes).
    Removing stm32f10x_rtc.o(i.RTC_ClearITPendingBit), (16 bytes).
    Removing stm32f10x_rtc.o(i.RTC_EnterConfigMode), (20 bytes).
    Removing stm32f10x_rtc.o(i.RTC_ExitConfigMode), (20 bytes).
    Removing stm32f10x_rtc.o(i.RTC_GetCounter), (44 bytes).
    Removing stm32f10x_rtc.o(i.RTC_GetDivider), (24 bytes).
    Removing stm32f10x_rtc.o(i.RTC_GetFlagStatus), (24 bytes).
    Removing stm32f10x_rtc.o(i.RTC_GetITStatus), (36 bytes).
    Removing stm32f10x_rtc.o(i.RTC_ITConfig), (32 bytes).
    Removing stm32f10x_rtc.o(i.RTC_SetAlarm), (28 bytes).
    Removing stm32f10x_rtc.o(i.RTC_SetCounter), (28 bytes).
    Removing stm32f10x_rtc.o(i.RTC_SetPrescaler), (32 bytes).
    Removing stm32f10x_rtc.o(i.RTC_WaitForLastTask), (20 bytes).
    Removing stm32f10x_rtc.o(i.RTC_WaitForSynchro), (36 bytes).
    Removing stm32f10x_sdio.o(i.SDIO_CEATAITCmd), (16 bytes).
    Removing stm32f10x_sdio.o(i.SDIO_ClearFlag), (12 bytes).
    Removing stm32f10x_sdio.o(i.SDIO_ClearITPendingBit), (12 bytes).
    Removing stm32f10x_sdio.o(i.SDIO_ClockCmd), (12 bytes).
    Removing stm32f10x_sdio.o(i.SDIO_CmdStructInit), (14 bytes).
    Removing stm32f10x_sdio.o(i.SDIO_CommandCompletionCmd), (12 bytes).
    Removing stm32f10x_sdio.o(i.SDIO_DMACmd), (12 bytes).
    Removing stm32f10x_sdio.o(i.SDIO_DataConfig), (48 bytes).
    Removing stm32f10x_sdio.o(i.SDIO_DataStructInit), (20 bytes).
    Removing stm32f10x_sdio.o(i.SDIO_DeInit), (36 bytes).
    Removing stm32f10x_sdio.o(i.SDIO_GetCommandResponse), (12 bytes).
    Removing stm32f10x_sdio.o(i.SDIO_GetDataCounter), (12 bytes).
    Removing stm32f10x_sdio.o(i.SDIO_GetFIFOCount), (12 bytes).
    Removing stm32f10x_sdio.o(i.SDIO_GetFlagStatus), (24 bytes).
    Removing stm32f10x_sdio.o(i.SDIO_GetITStatus), (24 bytes).
    Removing stm32f10x_sdio.o(i.SDIO_GetPowerState), (16 bytes).
    Removing stm32f10x_sdio.o(i.SDIO_GetResponse), (24 bytes).
    Removing stm32f10x_sdio.o(i.SDIO_ITConfig), (32 bytes).
    Removing stm32f10x_sdio.o(i.SDIO_Init), (48 bytes).
    Removing stm32f10x_sdio.o(i.SDIO_ReadData), (12 bytes).
    Removing stm32f10x_sdio.o(i.SDIO_SendCEATACmd), (12 bytes).
    Removing stm32f10x_sdio.o(i.SDIO_SendCommand), (44 bytes).
    Removing stm32f10x_sdio.o(i.SDIO_SendSDIOSuspendCmd), (12 bytes).
    Removing stm32f10x_sdio.o(i.SDIO_SetPowerState), (12 bytes).
    Removing stm32f10x_sdio.o(i.SDIO_SetSDIOOperation), (12 bytes).
    Removing stm32f10x_sdio.o(i.SDIO_SetSDIOReadWaitMode), (12 bytes).
    Removing stm32f10x_sdio.o(i.SDIO_StartSDIOReadWait), (12 bytes).
    Removing stm32f10x_sdio.o(i.SDIO_StopSDIOReadWait), (12 bytes).
    Removing stm32f10x_sdio.o(i.SDIO_StructInit), (16 bytes).
    Removing stm32f10x_sdio.o(i.SDIO_WriteData), (12 bytes).
    Removing stm32f10x_spi.o(i.I2S_Cmd), (24 bytes).
    Removing stm32f10x_spi.o(i.I2S_Init), (232 bytes).
    Removing stm32f10x_spi.o(i.I2S_StructInit), (20 bytes).
    Removing stm32f10x_spi.o(i.SPI_BiDirectionalLineConfig), (28 bytes).
    Removing stm32f10x_spi.o(i.SPI_CalculateCRC), (24 bytes).
    Removing stm32f10x_spi.o(i.SPI_Cmd), (24 bytes).
    Removing stm32f10x_spi.o(i.SPI_DataSizeConfig), (18 bytes).
    Removing stm32f10x_spi.o(i.SPI_GetCRC), (16 bytes).
    Removing stm32f10x_spi.o(i.SPI_GetCRCPolynomial), (6 bytes).
    Removing stm32f10x_spi.o(i.SPI_I2S_ClearFlag), (6 bytes).
    Removing stm32f10x_spi.o(i.SPI_I2S_ClearITPendingBit), (20 bytes).
    Removing stm32f10x_spi.o(i.SPI_I2S_DMACmd), (18 bytes).
    Removing stm32f10x_spi.o(i.SPI_I2S_DeInit), (88 bytes).
    Removing stm32f10x_spi.o(i.SPI_I2S_GetFlagStatus), (18 bytes).
    Removing stm32f10x_spi.o(i.SPI_I2S_GetITStatus), (52 bytes).
    Removing stm32f10x_spi.o(i.SPI_I2S_ITConfig), (32 bytes).
    Removing stm32f10x_spi.o(i.SPI_I2S_ReceiveData), (6 bytes).
    Removing stm32f10x_spi.o(i.SPI_I2S_SendData), (4 bytes).
    Removing stm32f10x_spi.o(i.SPI_Init), (60 bytes).
    Removing stm32f10x_spi.o(i.SPI_NSSInternalSoftwareConfig), (30 bytes).
    Removing stm32f10x_spi.o(i.SPI_SSOutputCmd), (24 bytes).
    Removing stm32f10x_spi.o(i.SPI_StructInit), (24 bytes).
    Removing stm32f10x_spi.o(i.SPI_TransmitCRC), (10 bytes).
    Removing stm32f10x_tim.o(i.TI1_Config), (128 bytes).
    Removing stm32f10x_tim.o(i.TI2_Config), (152 bytes).
    Removing stm32f10x_tim.o(i.TI3_Config), (144 bytes).
    Removing stm32f10x_tim.o(i.TI4_Config), (152 bytes).
    Removing stm32f10x_tim.o(i.TIM_ARRPreloadConfig), (24 bytes).
    Removing stm32f10x_tim.o(i.TIM_BDTRConfig), (32 bytes).
    Removing stm32f10x_tim.o(i.TIM_BDTRStructInit), (18 bytes).
    Removing stm32f10x_tim.o(i.TIM_CCPreloadControl), (24 bytes).
    Removing stm32f10x_tim.o(i.TIM_CCxCmd), (30 bytes).
    Removing stm32f10x_tim.o(i.TIM_CCxNCmd), (30 bytes).
    Removing stm32f10x_tim.o(i.TIM_ClearFlag), (6 bytes).
    Removing stm32f10x_tim.o(i.TIM_ClearOC1Ref), (18 bytes).
    Removing stm32f10x_tim.o(i.TIM_ClearOC2Ref), (24 bytes).
    Removing stm32f10x_tim.o(i.TIM_ClearOC3Ref), (18 bytes).
    Removing stm32f10x_tim.o(i.TIM_ClearOC4Ref), (24 bytes).
    Removing stm32f10x_tim.o(i.TIM_Cmd), (24 bytes).
    Removing stm32f10x_tim.o(i.TIM_CounterModeConfig), (18 bytes).
    Removing stm32f10x_tim.o(i.TIM_CtrlPWMOutputs), (30 bytes).
    Removing stm32f10x_tim.o(i.TIM_DMACmd), (18 bytes).
    Removing stm32f10x_tim.o(i.TIM_DMAConfig), (10 bytes).
    Removing stm32f10x_tim.o(i.TIM_DeInit), (488 bytes).
    Removing stm32f10x_tim.o(i.TIM_ETRClockMode1Config), (54 bytes).
    Removing stm32f10x_tim.o(i.TIM_ETRClockMode2Config), (32 bytes).
    Removing stm32f10x_tim.o(i.TIM_ETRConfig), (28 bytes).
    Removing stm32f10x_tim.o(i.TIM_EncoderInterfaceConfig), (66 bytes).
    Removing stm32f10x_tim.o(i.TIM_ForcedOC1Config), (18 bytes).
    Removing stm32f10x_tim.o(i.TIM_ForcedOC2Config), (26 bytes).
    Removing stm32f10x_tim.o(i.TIM_ForcedOC3Config), (18 bytes).
    Removing stm32f10x_tim.o(i.TIM_ForcedOC4Config), (26 bytes).
    Removing stm32f10x_tim.o(i.TIM_GenerateEvent), (4 bytes).
    Removing stm32f10x_tim.o(i.TIM_GetCapture1), (6 bytes).
    Removing stm32f10x_tim.o(i.TIM_GetCapture2), (6 bytes).
    Removing stm32f10x_tim.o(i.TIM_GetCapture3), (6 bytes).
    Removing stm32f10x_tim.o(i.TIM_GetCapture4), (8 bytes).
    Removing stm32f10x_tim.o(i.TIM_GetCounter), (6 bytes).
    Removing stm32f10x_tim.o(i.TIM_GetFlagStatus), (18 bytes).
    Removing stm32f10x_tim.o(i.TIM_GetPrescaler), (6 bytes).
    Removing stm32f10x_tim.o(i.TIM_ICInit), (172 bytes).
    Removing stm32f10x_tim.o(i.TIM_ICStructInit), (18 bytes).
    Removing stm32f10x_tim.o(i.TIM_ITConfig), (18 bytes).
    Removing stm32f10x_tim.o(i.TIM_ITRxExternalClockConfig), (24 bytes).
    Removing stm32f10x_tim.o(i.TIM_InternalClockConfig), (12 bytes).
    Removing stm32f10x_tim.o(i.TIM_OC1FastConfig), (18 bytes).
    Removing stm32f10x_tim.o(i.TIM_OC1Init), (152 bytes).
    Removing stm32f10x_tim.o(i.TIM_OC1NPolarityConfig), (18 bytes).
    Removing stm32f10x_tim.o(i.TIM_OC1PolarityConfig), (18 bytes).
    Removing stm32f10x_tim.o(i.TIM_OC1PreloadConfig), (18 bytes).
    Removing stm32f10x_tim.o(i.TIM_OC2FastConfig), (26 bytes).
    Removing stm32f10x_tim.o(i.TIM_OC2Init), (164 bytes).
    Removing stm32f10x_tim.o(i.TIM_OC2NPolarityConfig), (26 bytes).
    Removing stm32f10x_tim.o(i.TIM_OC2PolarityConfig), (26 bytes).
    Removing stm32f10x_tim.o(i.TIM_OC2PreloadConfig), (26 bytes).
    Removing stm32f10x_tim.o(i.TIM_OC3FastConfig), (18 bytes).
    Removing stm32f10x_tim.o(i.TIM_OC3Init), (160 bytes).
    Removing stm32f10x_tim.o(i.TIM_OC3NPolarityConfig), (26 bytes).
    Removing stm32f10x_tim.o(i.TIM_OC3PolarityConfig), (26 bytes).
    Removing stm32f10x_tim.o(i.TIM_OC3PreloadConfig), (18 bytes).
    Removing stm32f10x_tim.o(i.TIM_OC4FastConfig), (26 bytes).
    Removing stm32f10x_tim.o(i.TIM_OC4Init), (124 bytes).
    Removing stm32f10x_tim.o(i.TIM_OC4PolarityConfig), (26 bytes).
    Removing stm32f10x_tim.o(i.TIM_OC4PreloadConfig), (26 bytes).
    Removing stm32f10x_tim.o(i.TIM_OCStructInit), (20 bytes).
    Removing stm32f10x_tim.o(i.TIM_PWMIConfig), (124 bytes).
    Removing stm32f10x_tim.o(i.TIM_PrescalerConfig), (6 bytes).
    Removing stm32f10x_tim.o(i.TIM_SelectCCDMA), (24 bytes).
    Removing stm32f10x_tim.o(i.TIM_SelectCOM), (24 bytes).
    Removing stm32f10x_tim.o(i.TIM_SelectHallSensor), (24 bytes).
    Removing stm32f10x_tim.o(i.TIM_SelectInputTrigger), (18 bytes).
    Removing stm32f10x_tim.o(i.TIM_SelectMasterSlaveMode), (18 bytes).
    Removing stm32f10x_tim.o(i.TIM_SelectOCxM), (82 bytes).
    Removing stm32f10x_tim.o(i.TIM_SelectOnePulseMode), (18 bytes).
    Removing stm32f10x_tim.o(i.TIM_SelectOutputTrigger), (18 bytes).
    Removing stm32f10x_tim.o(i.TIM_SelectSlaveMode), (18 bytes).
    Removing stm32f10x_tim.o(i.TIM_SetAutoreload), (4 bytes).
    Removing stm32f10x_tim.o(i.TIM_SetClockDivision), (18 bytes).
    Removing stm32f10x_tim.o(i.TIM_SetCompare1), (4 bytes).
    Removing stm32f10x_tim.o(i.TIM_SetCompare2), (4 bytes).
    Removing stm32f10x_tim.o(i.TIM_SetCompare3), (4 bytes).
    Removing stm32f10x_tim.o(i.TIM_SetCompare4), (6 bytes).
    Removing stm32f10x_tim.o(i.TIM_SetCounter), (4 bytes).
    Removing stm32f10x_tim.o(i.TIM_SetIC1Prescaler), (18 bytes).
    Removing stm32f10x_tim.o(i.TIM_SetIC2Prescaler), (26 bytes).
    Removing stm32f10x_tim.o(i.TIM_SetIC3Prescaler), (18 bytes).
    Removing stm32f10x_tim.o(i.TIM_SetIC4Prescaler), (26 bytes).
    Removing stm32f10x_tim.o(i.TIM_TIxExternalClockConfig), (62 bytes).
    Removing stm32f10x_tim.o(i.TIM_TimeBaseInit), (164 bytes).
    Removing stm32f10x_tim.o(i.TIM_TimeBaseStructInit), (18 bytes).
    Removing stm32f10x_tim.o(i.TIM_UpdateDisableConfig), (24 bytes).
    Removing stm32f10x_tim.o(i.TIM_UpdateRequestConfig), (24 bytes).
    Removing stm32f10x_usart.o(i.USART_ClearFlag), (18 bytes).
    Removing stm32f10x_usart.o(i.USART_ClockInit), (34 bytes).
    Removing stm32f10x_usart.o(i.USART_ClockStructInit), (12 bytes).
    Removing stm32f10x_usart.o(i.USART_DMACmd), (18 bytes).
    Removing stm32f10x_usart.o(i.USART_DeInit), (156 bytes).
    Removing stm32f10x_usart.o(i.USART_HalfDuplexCmd), (24 bytes).
    Removing stm32f10x_usart.o(i.USART_IrDACmd), (24 bytes).
    Removing stm32f10x_usart.o(i.USART_IrDAConfig), (18 bytes).
    Removing stm32f10x_usart.o(i.USART_LINBreakDetectLengthConfig), (18 bytes).
    Removing stm32f10x_usart.o(i.USART_LINCmd), (24 bytes).
    Removing stm32f10x_usart.o(i.USART_OneBitMethodCmd), (24 bytes).
    Removing stm32f10x_usart.o(i.USART_OverSampling8Cmd), (22 bytes).
    Removing stm32f10x_usart.o(i.USART_ReceiverWakeUpCmd), (24 bytes).
    Removing stm32f10x_usart.o(i.USART_SendBreak), (10 bytes).
    Removing stm32f10x_usart.o(i.USART_SetAddress), (18 bytes).
    Removing stm32f10x_usart.o(i.USART_SetGuardTime), (16 bytes).
    Removing stm32f10x_usart.o(i.USART_SetPrescaler), (16 bytes).
    Removing stm32f10x_usart.o(i.USART_SmartCardCmd), (24 bytes).
    Removing stm32f10x_usart.o(i.USART_SmartCardNACKCmd), (24 bytes).
    Removing stm32f10x_usart.o(i.USART_StructInit), (24 bytes).
    Removing stm32f10x_usart.o(i.USART_WakeUpConfig), (18 bytes).
    Removing stm32f10x_wwdg.o(i.WWDG_ClearFlag), (12 bytes).
    Removing stm32f10x_wwdg.o(i.WWDG_DeInit), (22 bytes).
    Removing stm32f10x_wwdg.o(i.WWDG_Enable), (16 bytes).
    Removing stm32f10x_wwdg.o(i.WWDG_EnableIT), (12 bytes).
    Removing stm32f10x_wwdg.o(i.WWDG_GetFlagStatus), (12 bytes).
    Removing stm32f10x_wwdg.o(i.WWDG_SetCounter), (16 bytes).
    Removing stm32f10x_wwdg.o(i.WWDG_SetPrescaler), (24 bytes).
    Removing stm32f10x_wwdg.o(i.WWDG_SetWindowValue), (40 bytes).
    Removing bsp_delay.o(i.Delay_ms), (24 bytes).
    Removing bsp_delay.o(i.Delay_s), (24 bytes).
    Removing bsp_timer.o(i.Timer_GetCount), (12 bytes).
    Removing bsp_timer.o(i.Timer_GetCountWithReset), (16 bytes).
    Removing bsp_timer.o(i.Timer_GetTIMCount), (12 bytes).
    Removing bsp_timer.o(i.Timer_Init), (116 bytes).
    Removing bsp_math.o(i.map), (140 bytes).
    Removing bsp_math.o(i.normalize), (84 bytes).
    Removing bsp_math.o(i.pow), (34 bytes).
    Removing bsp_i2c_hw.o(i.HwI2C_Ack), (20 bytes).
    Removing bsp_i2c_hw.o(i.HwI2C_Init), (140 bytes).
    Removing bsp_i2c_hw.o(i.HwI2C_ReceiveData), (32 bytes).
    Removing bsp_i2c_hw.o(i.HwI2C_SendAddress), (32 bytes).
    Removing bsp_i2c_hw.o(i.HwI2C_SendData), (28 bytes).
    Removing bsp_i2c_hw.o(i.HwI2C_Start), (28 bytes).
    Removing bsp_i2c_hw.o(i.HwI2C_Stop), (16 bytes).
    Removing bsp_i2c_hw.o(i._clock_gpio_init), (144 bytes).
    Removing bsp_i2c_hw.o(i._clock_i2c_init), (44 bytes).
    Removing bsp_i2c_hw.o(i._waitEvent), (34 bytes).
    Removing bsp_rtc.o(i.MyRTC_Init), (114 bytes).
    Removing bsp_rtc.o(i.MyRTC_ReadTime), (72 bytes).
    Removing bsp_rtc.o(i.MyRTC_SetTime), (76 bytes).
    Removing bsp_rtc.o(.data), (8 bytes).
    Removing bsp_spi_hw.o(i.MySPI_Init), (136 bytes).
    Removing bsp_spi_hw.o(i.MySPI_Start), (10 bytes).
    Removing bsp_spi_hw.o(i.MySPI_Stop), (10 bytes).
    Removing bsp_spi_hw.o(i.MySPI_SwapByte), (44 bytes).
    Removing bsp_spi_hw.o(i.MySPI_W_SS), (20 bytes).
    Removing bsp_spi_hw.o(i._clock_init), (144 bytes).
    Removing bsp_spi_hw.o(i._waitFlag), (40 bytes).
    Removing ad.o(i.AD_GetValue), (36 bytes).
    Removing ad.o(i.AD_GetValueWithChannel), (28 bytes).
    Removing ad.o(i.AD_Init), (152 bytes).
    Removing as5600_sensor.o(i.AS5600_GetAngle), (30 bytes).
    Removing as5600_sensor.o(i.AS5600_GetClacAngle), (44 bytes).
    Removing as5600_sensor.o(i.AS5600_GetMagnitude), (30 bytes).
    Removing as5600_sensor.o(i.AS5600_GetRawAngle), (30 bytes).
    Removing as5600_sensor.o(i.AS5600_GetStatus), (14 bytes).
    Removing as5600_sensor.o(i._writeArrayReg), (64 bytes).
    Removing as5600_sensor.o(i._writeReg), (46 bytes).
    Removing counter_sensor.o(i.CounterSensor_GetCount), (12 bytes).
    Removing counter_sensor.o(i.CounterSensor_GetCountWithReset), (16 bytes).
    Removing counter_sensor.o(i.CounterSensor_Init), (116 bytes).
    Removing counter_sensor.o(i.CounterSensor_Reset), (12 bytes).
    Removing dma.o(i.MyDMA_Init), (88 bytes).
    Removing dma.o(i.MyDMA_Transfer), (56 bytes).
    Removing dma.o(.data), (2 bytes).
    Removing encoder_sensor.o(i.EncoderSensor_GetCount), (16 bytes).
    Removing encoder_sensor.o(i.EncoderSensor_GetCountWithReset), (28 bytes).
    Removing encoder_sensor.o(i.EncoderSensor_Init), (164 bytes).
    Removing ic.o(i.IC_GetDuty), (44 bytes).
    Removing ic.o(i.IC_GetDutyFloat), (64 bytes).
    Removing ic.o(i.IC_GetFreq), (28 bytes).
    Removing ic.o(i.IC_Init), (196 bytes).
    Removing ic.o(.constdata), (16 bytes).
    Removing key.o(i.Key_GetNum), (56 bytes).
    Removing key.o(i.Key_Init), (44 bytes).
    Removing led.o(i.LED1_OFF), (20 bytes).
    Removing led.o(i.LED1_ON), (20 bytes).
    Removing led.o(i.LED1_Turn), (44 bytes).
    Removing led.o(i.LED_Init), (52 bytes).
    Removing motor.o(i.Motor_Init), (48 bytes).
    Removing motor.o(i.Motor_SetSpeed), (64 bytes).
    Removing mpu6050_sensor.o(i.MPU6050_GetData), (128 bytes).
    Removing mpu6050_sensor.o(i.MPU6050_GetID), (10 bytes).
    Removing mpu6050_sensor.o(i.MPU6050_Init), (56 bytes).
    Removing mpu6050_sensor.o(i._readArrayReg), (90 bytes).
    Removing mpu6050_sensor.o(i._readReg), (60 bytes).
    Removing mpu6050_sensor.o(i._writeArrayReg), (64 bytes).
    Removing mpu6050_sensor.o(i._writeReg), (46 bytes).
    Removing oled.o(i.OLED_ClearArea), (144 bytes).
    Removing oled.o(i.OLED_DrawArc), (618 bytes).
    Removing oled.o(i.OLED_DrawCircle), (352 bytes).
    Removing oled.o(i.OLED_DrawEllipse), (812 bytes).
    Removing oled.o(i.OLED_DrawLine), (374 bytes).
    Removing oled.o(i.OLED_DrawPoint), (80 bytes).
    Removing oled.o(i.OLED_DrawRectangle), (142 bytes).
    Removing oled.o(i.OLED_DrawTriangle), (232 bytes).
    Removing oled.o(i.OLED_GetPoint), (68 bytes).
    Removing oled.o(i.OLED_IsInAngle), (124 bytes).
    Removing oled.o(i.OLED_Pow), (20 bytes).
    Removing oled.o(i.OLED_Printf), (50 bytes).
    Removing oled.o(i.OLED_Reverse), (52 bytes).
    Removing oled.o(i.OLED_ReverseArea), (144 bytes).
    Removing oled.o(i.OLED_ShowBinNum), (70 bytes).
    Removing oled.o(i.OLED_ShowChar), (84 bytes).
    Removing oled.o(i.OLED_ShowFloatNum), (210 bytes).
    Removing oled.o(i.OLED_ShowHexNum), (96 bytes).
    Removing oled.o(i.OLED_ShowImage), (252 bytes).
    Removing oled.o(i.OLED_ShowNum), (76 bytes).
    Removing oled.o(i.OLED_ShowSignedNum), (112 bytes).
    Removing oled.o(i.OLED_ShowString), (452 bytes).
    Removing oled.o(i.OLED_UpdateArea), (124 bytes).
    Removing oled.o(i.OLED_pnpoly), (140 bytes).
    Removing oled_data.o(.constdata), (2381 bytes).
    Removing pwm.o(i.PWM_GetCompare), (12 bytes).
    Removing pwm.o(i.PWM_GetTIMCount), (12 bytes).
    Removing pwm.o(i.PWM_Init), (168 bytes).
    Removing pwm.o(i.PWM_SetCompare), (16 bytes).
    Removing pwm.o(i.PWM_SetPrescaler), (16 bytes).
    Removing pwm.o(.constdata), (8 bytes).
    Removing serial.o(i.Serial_GetRxData), (12 bytes).
    Removing serial.o(i.Serial_GetRxFlag), (28 bytes).
    Removing serial.o(i.Serial_Printf), (26 bytes).
    Removing serial.o(i.Serial_SendBytes), (24 bytes).
    Removing serial.o(i.Serial_SendNumber), (28 bytes).
    Removing serial.o(i.Serial_SendNumberByte), (58 bytes).
    Removing serial.o(i.Serial_SendString), (22 bytes).
    Removing serial.o(i.Serial_Sprintf), (36 bytes).
    Removing serial.o(i._power10), (24 bytes).
    Removing servo.o(i.Servo_Init), (8 bytes).
    Removing servo.o(i.Servo_SetAngle), (48 bytes).
    Removing servo.o(i.Servo_getAngle), (44 bytes).
    Removing w25q64.o(i.W25Q64_Init), (8 bytes).
    Removing w25q64.o(i.W25Q64_PageProgram), (76 bytes).
    Removing w25q64.o(i.W25Q64_ReadData), (68 bytes).
    Removing w25q64.o(i.W25Q64_ReadID), (62 bytes).
    Removing w25q64.o(i.W25Q64_SectorErase), (50 bytes).
    Removing w25q64.o(i.W25Q64_WaitBusy), (48 bytes).
    Removing w25q64.o(i.W25Q64_WriteEnable), (18 bytes).
    Removing startup_stm32f10x_ld.o(HEAP), (512 bytes).
    Removing fadd.o(.text), (176 bytes).
    Removing fmul.o(.text), (100 bytes).
    Removing fdiv.o(.text), (124 bytes).
    Removing fflti.o(.text), (18 bytes).
    Removing ffltui.o(.text), (10 bytes).
    Removing dfltui.o(.text), (26 bytes).
    Removing ffixui.o(.text), (40 bytes).
    Removing dfixui.o(.text), (50 bytes).
    Removing cdcmple.o(.text), (48 bytes).
    Removing d2f.o(.text), (56 bytes).
    Removing cfcmple.o(.text), (20 bytes).
    Removing cfrcmple.o(.text), (20 bytes).
    Removing fepilogue.o(.text), (110 bytes).
    Removing drnd.o(.text), (136 bytes).
    Removing dscalb.o(.text), (46 bytes).

591 unused section(s) (total 31547 bytes) removed from the image.

==============================================================================

Image Symbol Table

    Local Symbols

    Symbol Name                              Value     Ov Type        Size  Object(Section)

    ../clib/microlib/division.c              0x00000000   Number         0  uldiv.o ABSOLUTE
    ../clib/microlib/division.c              0x00000000   Number         0  uidiv.o ABSOLUTE
    ../clib/microlib/errno.c                 0x00000000   Number         0  errno.o ABSOLUTE
    ../clib/microlib/init/entry.s            0x00000000   Number         0  entry11b.o ABSOLUTE
    ../clib/microlib/init/entry.s            0x00000000   Number         0  entry11a.o ABSOLUTE
    ../clib/microlib/init/entry.s            0x00000000   Number         0  entry5.o ABSOLUTE
    ../clib/microlib/init/entry.s            0x00000000   Number         0  entry2.o ABSOLUTE
    ../clib/microlib/init/entry.s            0x00000000   Number         0  entry12b.o ABSOLUTE
    ../clib/microlib/init/entry.s            0x00000000   Number         0  entry12a.o ABSOLUTE
    ../clib/microlib/init/entry.s            0x00000000   Number         0  entry9a.o ABSOLUTE
    ../clib/microlib/init/entry.s            0x00000000   Number         0  entry9b.o ABSOLUTE
    ../clib/microlib/init/entry.s            0x00000000   Number         0  entry8b.o ABSOLUTE
    ../clib/microlib/init/entry.s            0x00000000   Number         0  entry8a.o ABSOLUTE
    ../clib/microlib/init/entry.s            0x00000000   Number         0  entry7b.o ABSOLUTE
    ../clib/microlib/init/entry.s            0x00000000   Number         0  entry10a.o ABSOLUTE
    ../clib/microlib/init/entry.s            0x00000000   Number         0  entry10b.o ABSOLUTE
    ../clib/microlib/init/entry.s            0x00000000   Number         0  entry.o ABSOLUTE
    ../clib/microlib/init/entry.s            0x00000000   Number         0  entry7a.o ABSOLUTE
    ../clib/microlib/longlong.c              0x00000000   Number         0  llsshr.o ABSOLUTE
    ../clib/microlib/longlong.c              0x00000000   Number         0  llshl.o ABSOLUTE
    ../clib/microlib/longlong.c              0x00000000   Number         0  llushr.o ABSOLUTE
    ../clib/microlib/printf/printf.c         0x00000000   Number         0  printf4.o ABSOLUTE
    ../clib/microlib/printf/printf.c         0x00000000   Number         0  printf8.o ABSOLUTE
    ../clib/microlib/printf/printf.c         0x00000000   Number         0  printf7.o ABSOLUTE
    ../clib/microlib/printf/printf.c         0x00000000   Number         0  printf5.o ABSOLUTE
    ../clib/microlib/printf/printf.c         0x00000000   Number         0  printfa.o ABSOLUTE
    ../clib/microlib/printf/printf.c         0x00000000   Number         0  printf1.o ABSOLUTE
    ../clib/microlib/printf/printf.c         0x00000000   Number         0  printf6.o ABSOLUTE
    ../clib/microlib/printf/printf.c         0x00000000   Number         0  printf2.o ABSOLUTE
    ../clib/microlib/printf/printf.c         0x00000000   Number         0  printf3.o ABSOLUTE
    ../clib/microlib/printf/printf.c         0x00000000   Number         0  printfb.o ABSOLUTE
    ../clib/microlib/printf/printf.c         0x00000000   Number         0  printf0.o ABSOLUTE
    ../clib/microlib/printf/stubs.s          0x00000000   Number         0  stubs.o ABSOLUTE
    ../clib/microlib/stdio/streams.c         0x00000000   Number         0  stdout.o ABSOLUTE
    ../clib/microlib/string/memcpy.c         0x00000000   Number         0  memcpyb.o ABSOLUTE
    ../clib/microlib/string/memcpy.c         0x00000000   Number         0  memcpya.o ABSOLUTE
    ../clib/microlib/string/strcmp.c         0x00000000   Number         0  strcmp.o ABSOLUTE
    ../clib/microlib/stubs.s                 0x00000000   Number         0  iusefp.o ABSOLUTE
    ../clib/microlib/time/localtime.c        0x00000000   Number         0  localtime_i.o ABSOLUTE
    ../clib/microlib/time/localtime.c        0x00000000   Number         0  localtime_w.o ABSOLUTE
    ../clib/microlib/time/localtime.c        0x00000000   Number         0  localtime.o ABSOLUTE
    ../clib/microlib/time/mktime.c           0x00000000   Number         0  mktime.o ABSOLUTE
    ../fplib/microlib/d2f.c                  0x00000000   Number         0  d2f.o ABSOLUTE
    ../fplib/microlib/fpadd.c                0x00000000   Number         0  fadd.o ABSOLUTE
    ../fplib/microlib/fpadd.c                0x00000000   Number         0  dadd.o ABSOLUTE
    ../fplib/microlib/fpdiv.c                0x00000000   Number         0  fdiv.o ABSOLUTE
    ../fplib/microlib/fpdiv.c                0x00000000   Number         0  ddiv.o ABSOLUTE
    ../fplib/microlib/fpepilogue.c           0x00000000   Number         0  fepilogue.o ABSOLUTE
    ../fplib/microlib/fpepilogue.c           0x00000000   Number         0  depilogue.o ABSOLUTE
    ../fplib/microlib/fpfix.c                0x00000000   Number         0  dfixul.o ABSOLUTE
    ../fplib/microlib/fpfix.c                0x00000000   Number         0  ffixui.o ABSOLUTE
    ../fplib/microlib/fpfix.c                0x00000000   Number         0  dfixi.o ABSOLUTE
    ../fplib/microlib/fpfix.c                0x00000000   Number         0  dfixui.o ABSOLUTE
    ../fplib/microlib/fpflt.c                0x00000000   Number         0  fflti.o ABSOLUTE
    ../fplib/microlib/fpflt.c                0x00000000   Number         0  ffltui.o ABSOLUTE
    ../fplib/microlib/fpflt.c                0x00000000   Number         0  dflti.o ABSOLUTE
    ../fplib/microlib/fpflt.c                0x00000000   Number         0  dfltui.o ABSOLUTE
    ../fplib/microlib/fpmul.c                0x00000000   Number         0  fmul.o ABSOLUTE
    ../fplib/microlib/fpmul.c                0x00000000   Number         0  dmul.o ABSOLUTE
    ../fplib/microlib/fprnd.c                0x00000000   Number         0  drnd.o ABSOLUTE
    ../fplib/microlib/fpscalb.c              0x00000000   Number         0  dscalb.o ABSOLUTE
    ../mathlib/atan.c                        0x00000000   Number         0  atan.o ABSOLUTE
    ../mathlib/atan.c                        0x00000000   Number         0  atan_x.o ABSOLUTE
    ../mathlib/atan2.c                       0x00000000   Number         0  atan2_x.o ABSOLUTE
    ../mathlib/atan2.c                       0x00000000   Number         0  atan2.o ABSOLUTE
    ../mathlib/dunder.c                      0x00000000   Number         0  dunder.o ABSOLUTE
    ../mathlib/fpclassify.c                  0x00000000   Number         0  fpclassify.o ABSOLUTE
    ../mathlib/poly.c                        0x00000000   Number         0  poly.o ABSOLUTE
    ../mathlib/qnan.c                        0x00000000   Number         0  qnan.o ABSOLUTE
    ../mathlib/round.c                       0x00000000   Number         0  round.o ABSOLUTE
    ..\..\core\bsp\bsp_delay.c               0x00000000   Number         0  bsp_delay.o ABSOLUTE
    ..\..\core\bsp\bsp_i2c.c                 0x00000000   Number         0  bsp_i2c.o ABSOLUTE
    ..\..\core\bsp\bsp_i2c_hw.c              0x00000000   Number         0  bsp_i2c_hw.o ABSOLUTE
    ..\..\core\bsp\bsp_math.c                0x00000000   Number         0  bsp_math.o ABSOLUTE
    ..\..\core\bsp\bsp_rtc.c                 0x00000000   Number         0  bsp_rtc.o ABSOLUTE
    ..\..\core\bsp\bsp_spi_hw.c              0x00000000   Number         0  bsp_spi_hw.o ABSOLUTE
    ..\..\core\bsp\bsp_timer.c               0x00000000   Number         0  bsp_timer.o ABSOLUTE
    ..\..\core\hardware\ad.c                 0x00000000   Number         0  ad.o ABSOLUTE
    ..\..\core\hardware\as5600_sensor.c      0x00000000   Number         0  as5600_sensor.o ABSOLUTE
    ..\..\core\hardware\counter_sensor.c     0x00000000   Number         0  counter_sensor.o ABSOLUTE
    ..\..\core\hardware\dma.c                0x00000000   Number         0  dma.o ABSOLUTE
    ..\..\core\hardware\encoder_sensor.c     0x00000000   Number         0  encoder_sensor.o ABSOLUTE
    ..\..\core\hardware\ic.c                 0x00000000   Number         0  ic.o ABSOLUTE
    ..\..\core\hardware\key.c                0x00000000   Number         0  key.o ABSOLUTE
    ..\..\core\hardware\led.c                0x00000000   Number         0  led.o ABSOLUTE
    ..\..\core\hardware\motor.c              0x00000000   Number         0  motor.o ABSOLUTE
    ..\..\core\hardware\mpu6050_sensor.c     0x00000000   Number         0  mpu6050_sensor.o ABSOLUTE
    ..\..\core\hardware\oled.c               0x00000000   Number         0  oled.o ABSOLUTE
    ..\..\core\hardware\oled_data.c          0x00000000   Number         0  oled_data.o ABSOLUTE
    ..\..\core\hardware\pwm.c                0x00000000   Number         0  pwm.o ABSOLUTE
    ..\..\core\hardware\serial.c             0x00000000   Number         0  serial.o ABSOLUTE
    ..\..\core\hardware\servo.c              0x00000000   Number         0  servo.o ABSOLUTE
    ..\..\core\hardware\w25q64.c             0x00000000   Number         0  w25q64.o ABSOLUTE
    ..\..\core\user\main.c                   0x00000000   Number         0  main.o ABSOLUTE
    ..\..\driver\CMSIS\core_cm3.c            0x00000000   Number         0  core_cm3.o ABSOLUTE
    ..\..\driver\CMSIS\startup_stm32f10x_ld.s 0x00000000   Number         0  startup_stm32f10x_ld.o ABSOLUTE
    ..\..\driver\CMSIS\system_stm32f10x.c    0x00000000   Number         0  system_stm32f10x.o ABSOLUTE
    ..\..\driver\STM32F10x_StdPeriph_Driver\src\misc.c 0x00000000   Number         0  misc.o ABSOLUTE
    ..\..\driver\STM32F10x_StdPeriph_Driver\src\stm32f10x_adc.c 0x00000000   Number         0  stm32f10x_adc.o ABSOLUTE
    ..\..\driver\STM32F10x_StdPeriph_Driver\src\stm32f10x_bkp.c 0x00000000   Number         0  stm32f10x_bkp.o ABSOLUTE
    ..\..\driver\STM32F10x_StdPeriph_Driver\src\stm32f10x_can.c 0x00000000   Number         0  stm32f10x_can.o ABSOLUTE
    ..\..\driver\STM32F10x_StdPeriph_Driver\src\stm32f10x_cec.c 0x00000000   Number         0  stm32f10x_cec.o ABSOLUTE
    ..\..\driver\STM32F10x_StdPeriph_Driver\src\stm32f10x_crc.c 0x00000000   Number         0  stm32f10x_crc.o ABSOLUTE
    ..\..\driver\STM32F10x_StdPeriph_Driver\src\stm32f10x_dac.c 0x00000000   Number         0  stm32f10x_dac.o ABSOLUTE
    ..\..\driver\STM32F10x_StdPeriph_Driver\src\stm32f10x_dbgmcu.c 0x00000000   Number         0  stm32f10x_dbgmcu.o ABSOLUTE
    ..\..\driver\STM32F10x_StdPeriph_Driver\src\stm32f10x_dma.c 0x00000000   Number         0  stm32f10x_dma.o ABSOLUTE
    ..\..\driver\STM32F10x_StdPeriph_Driver\src\stm32f10x_exti.c 0x00000000   Number         0  stm32f10x_exti.o ABSOLUTE
    ..\..\driver\STM32F10x_StdPeriph_Driver\src\stm32f10x_flash.c 0x00000000   Number         0  stm32f10x_flash.o ABSOLUTE
    ..\..\driver\STM32F10x_StdPeriph_Driver\src\stm32f10x_fsmc.c 0x00000000   Number         0  stm32f10x_fsmc.o ABSOLUTE
    ..\..\driver\STM32F10x_StdPeriph_Driver\src\stm32f10x_gpio.c 0x00000000   Number         0  stm32f10x_gpio.o ABSOLUTE
    ..\..\driver\STM32F10x_StdPeriph_Driver\src\stm32f10x_i2c.c 0x00000000   Number         0  stm32f10x_i2c.o ABSOLUTE
    ..\..\driver\STM32F10x_StdPeriph_Driver\src\stm32f10x_iwdg.c 0x00000000   Number         0  stm32f10x_iwdg.o ABSOLUTE
    ..\..\driver\STM32F10x_StdPeriph_Driver\src\stm32f10x_pwr.c 0x00000000   Number         0  stm32f10x_pwr.o ABSOLUTE
    ..\..\driver\STM32F10x_StdPeriph_Driver\src\stm32f10x_rcc.c 0x00000000   Number         0  stm32f10x_rcc.o ABSOLUTE
    ..\..\driver\STM32F10x_StdPeriph_Driver\src\stm32f10x_rtc.c 0x00000000   Number         0  stm32f10x_rtc.o ABSOLUTE
    ..\..\driver\STM32F10x_StdPeriph_Driver\src\stm32f10x_sdio.c 0x00000000   Number         0  stm32f10x_sdio.o ABSOLUTE
    ..\..\driver\STM32F10x_StdPeriph_Driver\src\stm32f10x_spi.c 0x00000000   Number         0  stm32f10x_spi.o ABSOLUTE
    ..\..\driver\STM32F10x_StdPeriph_Driver\src\stm32f10x_tim.c 0x00000000   Number         0  stm32f10x_tim.o ABSOLUTE
    ..\..\driver\STM32F10x_StdPeriph_Driver\src\stm32f10x_usart.c 0x00000000   Number         0  stm32f10x_usart.o ABSOLUTE
    ..\..\driver\STM32F10x_StdPeriph_Driver\src\stm32f10x_wwdg.c 0x00000000   Number         0  stm32f10x_wwdg.o ABSOLUTE
    ..\..\driver\STM32F10x_StdPeriph_Driver\stm32f10x_it.c 0x00000000   Number         0  stm32f10x_it.o ABSOLUTE
    ..\\..\\driver\\CMSIS\\core_cm3.c        0x00000000   Number         0  core_cm3.o ABSOLUTE
    cdcmple.s                                0x00000000   Number         0  cdcmple.o ABSOLUTE
    cdrcmple.s                               0x00000000   Number         0  cdrcmple.o ABSOLUTE
    cfcmple.s                                0x00000000   Number         0  cfcmple.o ABSOLUTE
    cfrcmple.s                               0x00000000   Number         0  cfrcmple.o ABSOLUTE
    dc.s                                     0x00000000   Number         0  dc.o ABSOLUTE
    handlers.s                               0x00000000   Number         0  handlers.o ABSOLUTE
    init.s                                   0x00000000   Number         0  init.o ABSOLUTE
    RESET                                    0x08000000   Section      236  startup_stm32f10x_ld.o(RESET)
    .ARM.Collect$$$$00000000                 0x080000ec   Section        0  entry.o(.ARM.Collect$$$$00000000)
    .ARM.Collect$$$$00000001                 0x080000ec   Section        4  entry2.o(.ARM.Collect$$$$00000001)
    .ARM.Collect$$$$00000004                 0x080000f0   Section        4  entry5.o(.ARM.Collect$$$$00000004)
    .ARM.Collect$$$$00000008                 0x080000f4   Section        0  entry7b.o(.ARM.Collect$$$$00000008)
    .ARM.Collect$$$$0000000A                 0x080000f4   Section        0  entry8b.o(.ARM.Collect$$$$0000000A)
    .ARM.Collect$$$$0000000B                 0x080000f4   Section        8  entry9a.o(.ARM.Collect$$$$0000000B)
    .ARM.Collect$$$$0000000E                 0x080000fc   Section        4  entry12b.o(.ARM.Collect$$$$0000000E)
    .ARM.Collect$$$$0000000F                 0x08000100   Section        0  entry10a.o(.ARM.Collect$$$$0000000F)
    .ARM.Collect$$$$00000011                 0x08000100   Section        0  entry11a.o(.ARM.Collect$$$$00000011)
    .ARM.Collect$$$$00002712                 0x08000100   Section        4  entry2.o(.ARM.Collect$$$$00002712)
    __lit__00000000                          0x08000100   Data           4  entry2.o(.ARM.Collect$$$$00002712)
    .text                                    0x08000104   Section       36  startup_stm32f10x_ld.o(.text)
    .text                                    0x08000128   Section        0  dadd.o(.text)
    .text                                    0x08000276   Section        0  dmul.o(.text)
    .text                                    0x0800035a   Section        0  ddiv.o(.text)
    .text                                    0x08000438   Section        0  dflti.o(.text)
    .text                                    0x0800045a   Section        0  dfixi.o(.text)
    .text                                    0x08000498   Section       48  cdrcmple.o(.text)
    .text                                    0x080004c8   Section        0  uidiv.o(.text)
    .text                                    0x080004f4   Section        0  uldiv.o(.text)
    .text                                    0x08000556   Section        0  llshl.o(.text)
    .text                                    0x08000574   Section        0  llushr.o(.text)
    .text                                    0x08000594   Section        0  llsshr.o(.text)
    .text                                    0x080005b8   Section        0  iusefp.o(.text)
    .text                                    0x080005b8   Section        0  depilogue.o(.text)
    .text                                    0x08000672   Section        0  dfixul.o(.text)
    .text                                    0x080006a4   Section       36  init.o(.text)
    i.AS5600_GetData                         0x080006c8   Section        0  as5600_sensor.o(i.AS5600_GetData)
    i.AS5600_Init                            0x08000754   Section        0  as5600_sensor.o(i.AS5600_Init)
    i.BusFault_Handler                       0x0800075c   Section        0  stm32f10x_it.o(i.BusFault_Handler)
    i.DebugMon_Handler                       0x08000760   Section        0  stm32f10x_it.o(i.DebugMon_Handler)
    i.Delay_us                               0x08000762   Section        0  bsp_delay.o(i.Delay_us)
    i.EXTI15_10_IRQHandler                   0x08000790   Section        0  counter_sensor.o(i.EXTI15_10_IRQHandler)
    i.EXTI_ClearITPendingBit                 0x080007ac   Section        0  stm32f10x_exti.o(i.EXTI_ClearITPendingBit)
    i.EXTI_GetITStatus                       0x080007b8   Section        0  stm32f10x_exti.o(i.EXTI_GetITStatus)
    i.GPIO_Init                              0x080007e0   Section        0  stm32f10x_gpio.o(i.GPIO_Init)
    i.GPIO_ReadInputDataBit                  0x080008f6   Section        0  stm32f10x_gpio.o(i.GPIO_ReadInputDataBit)
    i.GPIO_SetBits                           0x08000908   Section        0  stm32f10x_gpio.o(i.GPIO_SetBits)
    i.GPIO_WriteBit                          0x0800090c   Section        0  stm32f10x_gpio.o(i.GPIO_WriteBit)
    i.HardFault_Handler                      0x08000916   Section        0  stm32f10x_it.o(i.HardFault_Handler)
    i.MemManage_Handler                      0x0800091a   Section        0  stm32f10x_it.o(i.MemManage_Handler)
    i.MyI2C_Ack                              0x0800091e   Section        0  bsp_i2c.o(i.MyI2C_Ack)
    i.MyI2C_Init                             0x08000934   Section        0  bsp_i2c.o(i.MyI2C_Init)
    i.MyI2C_NAck                             0x08000990   Section        0  bsp_i2c.o(i.MyI2C_NAck)
    i.MyI2C_R_SDA                            0x080009a8   Section        0  bsp_i2c.o(i.MyI2C_R_SDA)
    i.MyI2C_ReceiveByte                      0x080009c4   Section        0  bsp_i2c.o(i.MyI2C_ReceiveByte)
    i.MyI2C_SendByte                         0x080009f6   Section        0  bsp_i2c.o(i.MyI2C_SendByte)
    i.MyI2C_Start                            0x08000a28   Section        0  bsp_i2c.o(i.MyI2C_Start)
    i.MyI2C_Stop                             0x08000a44   Section        0  bsp_i2c.o(i.MyI2C_Stop)
    i.MyI2C_W_SCL                            0x08000a5c   Section        0  bsp_i2c.o(i.MyI2C_W_SCL)
    i.MyI2C_W_SDA                            0x08000a78   Section        0  bsp_i2c.o(i.MyI2C_W_SDA)
    i.MyI2C_WaitAck                          0x08000a94   Section        0  bsp_i2c.o(i.MyI2C_WaitAck)
    i.NMI_Handler                            0x08000ab2   Section        0  stm32f10x_it.o(i.NMI_Handler)
    i.NVIC_Init                              0x08000ab4   Section        0  misc.o(i.NVIC_Init)
    i.NVIC_PriorityGroupConfig               0x08000b24   Section        0  misc.o(i.NVIC_PriorityGroupConfig)
    i.OLED_Clear                             0x08000b38   Section        0  oled.o(i.OLED_Clear)
    i.OLED_GPIO_Init                         0x08000b60   Section        0  oled.o(i.OLED_GPIO_Init)
    i.OLED_I2C_SendByte                      0x08000bc0   Section        0  oled.o(i.OLED_I2C_SendByte)
    i.OLED_I2C_Start                         0x08000bfe   Section        0  oled.o(i.OLED_I2C_Start)
    i.OLED_I2C_Stop                          0x08000c1a   Section        0  oled.o(i.OLED_I2C_Stop)
    i.OLED_Init                              0x08000c30   Section        0  oled.o(i.OLED_Init)
    i.OLED_SetCursor                         0x08000cca   Section        0  oled.o(i.OLED_SetCursor)
    i.OLED_Update                            0x08000cec   Section        0  oled.o(i.OLED_Update)
    i.OLED_W_SCL                             0x08000d14   Section        0  oled.o(i.OLED_W_SCL)
    i.OLED_W_SDA                             0x08000d2c   Section        0  oled.o(i.OLED_W_SDA)
    i.OLED_WriteCommand                      0x08000d44   Section        0  oled.o(i.OLED_WriteCommand)
    i.OLED_WriteData                         0x08000d64   Section        0  oled.o(i.OLED_WriteData)
    i.PendSV_Handler                         0x08000d92   Section        0  stm32f10x_it.o(i.PendSV_Handler)
    i.RCC_APB2PeriphClockCmd                 0x08000d94   Section        0  stm32f10x_rcc.o(i.RCC_APB2PeriphClockCmd)
    i.RCC_GetClocksFreq                      0x08000db4   Section        0  stm32f10x_rcc.o(i.RCC_GetClocksFreq)
    i.SVC_Handler                            0x08000e88   Section        0  stm32f10x_it.o(i.SVC_Handler)
    i.Serial_Init                            0x08000e8c   Section        0  serial.o(i.Serial_Init)
    i.Serial_SendByte                        0x08000f38   Section        0  serial.o(i.Serial_SendByte)
    i.SetSysClock                            0x08000f68   Section        0  system_stm32f10x.o(i.SetSysClock)
    SetSysClock                              0x08000f69   Thumb Code     8  system_stm32f10x.o(i.SetSysClock)
    i.SetSysClockTo72                        0x08000f70   Section        0  system_stm32f10x.o(i.SetSysClockTo72)
    SetSysClockTo72                          0x08000f71   Thumb Code   214  system_stm32f10x.o(i.SetSysClockTo72)
    i.SysTick_Handler                        0x08001050   Section        0  stm32f10x_it.o(i.SysTick_Handler)
    i.SystemInit                             0x08001054   Section        0  system_stm32f10x.o(i.SystemInit)
    i.TIM2_IRQHandler                        0x080010b4   Section        0  bsp_timer.o(i.TIM2_IRQHandler)
    i.TIM_ClearITPendingBit                  0x080010d0   Section        0  stm32f10x_tim.o(i.TIM_ClearITPendingBit)
    i.TIM_GetITStatus                        0x080010d6   Section        0  stm32f10x_tim.o(i.TIM_GetITStatus)
    i.USART1_IRQHandler                      0x080010f8   Section        0  serial.o(i.USART1_IRQHandler)
    i.USART_ClearITPendingBit                0x08001130   Section        0  stm32f10x_usart.o(i.USART_ClearITPendingBit)
    i.USART_Cmd                              0x0800114e   Section        0  stm32f10x_usart.o(i.USART_Cmd)
    i.USART_GetFlagStatus                    0x08001166   Section        0  stm32f10x_usart.o(i.USART_GetFlagStatus)
    i.USART_GetITStatus                      0x08001180   Section        0  stm32f10x_usart.o(i.USART_GetITStatus)
    i.USART_ITConfig                         0x080011d4   Section        0  stm32f10x_usart.o(i.USART_ITConfig)
    i.USART_Init                             0x08001220   Section        0  stm32f10x_usart.o(i.USART_Init)
    i.USART_ReceiveData                      0x080012f8   Section        0  stm32f10x_usart.o(i.USART_ReceiveData)
    i.USART_SendData                         0x08001302   Section        0  stm32f10x_usart.o(i.USART_SendData)
    i.UsageFault_Handler                     0x0800130a   Section        0  stm32f10x_it.o(i.UsageFault_Handler)
    i.__0printf                              0x08001310   Section        0  printfa.o(i.__0printf)
    i.__scatterload_copy                     0x08001330   Section       14  handlers.o(i.__scatterload_copy)
    i.__scatterload_null                     0x0800133e   Section        2  handlers.o(i.__scatterload_null)
    i.__scatterload_zeroinit                 0x08001340   Section       14  handlers.o(i.__scatterload_zeroinit)
    i._clock_init                            0x08001350   Section        0  bsp_i2c.o(i._clock_init)
    _clock_init                              0x08001351   Thumb Code   116  bsp_i2c.o(i._clock_init)
    i._fp_digits                             0x080013e0   Section        0  printfa.o(i._fp_digits)
    _fp_digits                               0x080013e1   Thumb Code   366  printfa.o(i._fp_digits)
    i._printf_core                           0x08001564   Section        0  printfa.o(i._printf_core)
    _printf_core                             0x08001565   Thumb Code  1704  printfa.o(i._printf_core)
    i._printf_post_padding                   0x08001c18   Section        0  printfa.o(i._printf_post_padding)
    _printf_post_padding                     0x08001c19   Thumb Code    36  printfa.o(i._printf_post_padding)
    i._printf_pre_padding                    0x08001c3c   Section        0  printfa.o(i._printf_pre_padding)
    _printf_pre_padding                      0x08001c3d   Thumb Code    46  printfa.o(i._printf_pre_padding)
    i._readArrayReg                          0x08001c6a   Section        0  as5600_sensor.o(i._readArrayReg)
    _readArrayReg                            0x08001c6b   Thumb Code    90  as5600_sensor.o(i._readArrayReg)
    i._readReg                               0x08001cc4   Section        0  as5600_sensor.o(i._readReg)
    _readReg                                 0x08001cc5   Thumb Code    60  as5600_sensor.o(i._readReg)
    i._update                                0x08001d00   Section        0  bsp_timer.o(i._update)
    _update                                  0x08001d01   Thumb Code    12  bsp_timer.o(i._update)
    i._update                                0x08001d10   Section        0  counter_sensor.o(i._update)
    _update                                  0x08001d11   Thumb Code    12  counter_sensor.o(i._update)
    i.fputc                                  0x08001d20   Section        0  serial.o(i.fputc)
    i.main                                   0x08001d30   Section        0  main.o(i.main)
    .data                                    0x20000000   Section       20  stm32f10x_rcc.o(.data)
    APBAHBPrescTable                         0x20000000   Data          16  stm32f10x_rcc.o(.data)
    ADCPrescTable                            0x20000010   Data           4  stm32f10x_rcc.o(.data)
    .data                                    0x20000014   Section        2  bsp_timer.o(.data)
    _count                                   0x20000014   Data           2  bsp_timer.o(.data)
    .data                                    0x20000018   Section        4  counter_sensor.o(.data)
    _count                                   0x20000018   Data           4  counter_sensor.o(.data)
    .data                                    0x2000001c   Section        2  serial.o(.data)
    _rxData                                  0x2000001c   Data           1  serial.o(.data)
    _rxFlag                                  0x2000001d   Data           1  serial.o(.data)
    .data                                    0x20000020   Section        4  stdout.o(.data)
    .bss                                     0x20000024   Section     1024  oled.o(.bss)
    STACK                                    0x20000428   Section     1024  startup_stm32f10x_ld.o(STACK)

    Global Symbols

    Symbol Name                              Value     Ov Type        Size  Object(Section)

    BuildAttributes$$THM_ISAv4$P$D$K$B$S$PE$A:L22UL41UL21$X:L11$S22US41US21$IEEE1$IW$USESV6$~STKCKD$USESV7$~SHL$OTIME$ROPI$IEEEX$EBA8$MICROLIB$REQ8$PRES8$EABIv2 0x00000000   Number         0  anon$$obj.o ABSOLUTE
    __ARM_use_no_argv                        0x00000000   Number         0  main.o ABSOLUTE
    _printf_a                                0x00000000   Number         0  stubs.o ABSOLUTE
    _printf_c                                0x00000000   Number         0  stubs.o ABSOLUTE
    _printf_charcount                        0x00000000   Number         0  stubs.o ABSOLUTE
    _printf_d                                0x00000000   Number         0  stubs.o ABSOLUTE
    _printf_e                                0x00000000   Number         0  stubs.o ABSOLUTE
    _printf_f                                0x00000000   Number         0  stubs.o ABSOLUTE
    _printf_flags                            0x00000000   Number         0  stubs.o ABSOLUTE
    _printf_fp_dec                           0x00000000   Number         0  stubs.o ABSOLUTE
    _printf_fp_hex                           0x00000000   Number         0  stubs.o ABSOLUTE
    _printf_g                                0x00000000   Number         0  stubs.o ABSOLUTE
    _printf_i                                0x00000000   Number         0  stubs.o ABSOLUTE
    _printf_int_dec                          0x00000000   Number         0  stubs.o ABSOLUTE
    _printf_l                                0x00000000   Number         0  stubs.o ABSOLUTE
    _printf_lc                               0x00000000   Number         0  stubs.o ABSOLUTE
    _printf_ll                               0x00000000   Number         0  stubs.o ABSOLUTE
    _printf_lld                              0x00000000   Number         0  stubs.o ABSOLUTE
    _printf_lli                              0x00000000   Number         0  stubs.o ABSOLUTE
    _printf_llo                              0x00000000   Number         0  stubs.o ABSOLUTE
    _printf_llu                              0x00000000   Number         0  stubs.o ABSOLUTE
    _printf_llx                              0x00000000   Number         0  stubs.o ABSOLUTE
    _printf_longlong_dec                     0x00000000   Number         0  stubs.o ABSOLUTE
    _printf_longlong_hex                     0x00000000   Number         0  stubs.o ABSOLUTE
    _printf_longlong_oct                     0x00000000   Number         0  stubs.o ABSOLUTE
    _printf_ls                               0x00000000   Number         0  stubs.o ABSOLUTE
    _printf_mbtowc                           0x00000000   Number         0  stubs.o ABSOLUTE
    _printf_n                                0x00000000   Number         0  stubs.o ABSOLUTE
    _printf_o                                0x00000000   Number         0  stubs.o ABSOLUTE
    _printf_p                                0x00000000   Number         0  stubs.o ABSOLUTE
    _printf_percent                          0x00000000   Number         0  stubs.o ABSOLUTE
    _printf_pre_padding                      0x00000000   Number         0  stubs.o ABSOLUTE
    _printf_return_value                     0x00000000   Number         0  stubs.o ABSOLUTE
    _printf_s                                0x00000000   Number         0  stubs.o ABSOLUTE
    _printf_sizespec                         0x00000000   Number         0  stubs.o ABSOLUTE
    _printf_str                              0x00000000   Number         0  stubs.o ABSOLUTE
    _printf_truncate_signed                  0x00000000   Number         0  stubs.o ABSOLUTE
    _printf_truncate_unsigned                0x00000000   Number         0  stubs.o ABSOLUTE
    _printf_u                                0x00000000   Number         0  stubs.o ABSOLUTE
    _printf_wc                               0x00000000   Number         0  stubs.o ABSOLUTE
    _printf_wctomb                           0x00000000   Number         0  stubs.o ABSOLUTE
    _printf_widthprec                        0x00000000   Number         0  stubs.o ABSOLUTE
    _printf_x                                0x00000000   Number         0  stubs.o ABSOLUTE
    __arm_fini_                               - Undefined Weak Reference
    __cpp_initialize__aeabi_                  - Undefined Weak Reference
    __cxa_finalize                            - Undefined Weak Reference
    __decompress                              - Undefined Weak Reference
    _clock_init                               - Undefined Weak Reference
    _microlib_exit                            - Undefined Weak Reference
    __Vectors_Size                           0x000000ec   Number         0  startup_stm32f10x_ld.o ABSOLUTE
    __Vectors                                0x08000000   Data           4  startup_stm32f10x_ld.o(RESET)
    __Vectors_End                            0x080000ec   Data           0  startup_stm32f10x_ld.o(RESET)
    __main                                   0x080000ed   Thumb Code     0  entry.o(.ARM.Collect$$$$00000000)
    _main_stk                                0x080000ed   Thumb Code     0  entry2.o(.ARM.Collect$$$$00000001)
    _main_scatterload                        0x080000f1   Thumb Code     0  entry5.o(.ARM.Collect$$$$00000004)
    __main_after_scatterload                 0x080000f5   Thumb Code     0  entry5.o(.ARM.Collect$$$$00000004)
    _main_clock                              0x080000f5   Thumb Code     0  entry7b.o(.ARM.Collect$$$$00000008)
    _main_cpp_init                           0x080000f5   Thumb Code     0  entry8b.o(.ARM.Collect$$$$0000000A)
    _main_init                               0x080000f5   Thumb Code     0  entry9a.o(.ARM.Collect$$$$0000000B)
    __rt_lib_shutdown_fini                   0x080000fd   Thumb Code     0  entry12b.o(.ARM.Collect$$$$0000000E)
    __rt_final_cpp                           0x08000101   Thumb Code     0  entry10a.o(.ARM.Collect$$$$0000000F)
    __rt_final_exit                          0x08000101   Thumb Code     0  entry11a.o(.ARM.Collect$$$$00000011)
    Reset_Handler                            0x08000105   Thumb Code     8  startup_stm32f10x_ld.o(.text)
    ADC1_2_IRQHandler                        0x0800011f   Thumb Code     0  startup_stm32f10x_ld.o(.text)
    CAN1_RX1_IRQHandler                      0x0800011f   Thumb Code     0  startup_stm32f10x_ld.o(.text)
    CAN1_SCE_IRQHandler                      0x0800011f   Thumb Code     0  startup_stm32f10x_ld.o(.text)
    DMA1_Channel1_IRQHandler                 0x0800011f   Thumb Code     0  startup_stm32f10x_ld.o(.text)
    DMA1_Channel2_IRQHandler                 0x0800011f   Thumb Code     0  startup_stm32f10x_ld.o(.text)
    DMA1_Channel3_IRQHandler                 0x0800011f   Thumb Code     0  startup_stm32f10x_ld.o(.text)
    DMA1_Channel4_IRQHandler                 0x0800011f   Thumb Code     0  startup_stm32f10x_ld.o(.text)
    DMA1_Channel5_IRQHandler                 0x0800011f   Thumb Code     0  startup_stm32f10x_ld.o(.text)
    DMA1_Channel6_IRQHandler                 0x0800011f   Thumb Code     0  startup_stm32f10x_ld.o(.text)
    DMA1_Channel7_IRQHandler                 0x0800011f   Thumb Code     0  startup_stm32f10x_ld.o(.text)
    EXTI0_IRQHandler                         0x0800011f   Thumb Code     0  startup_stm32f10x_ld.o(.text)
    EXTI1_IRQHandler                         0x0800011f   Thumb Code     0  startup_stm32f10x_ld.o(.text)
    EXTI2_IRQHandler                         0x0800011f   Thumb Code     0  startup_stm32f10x_ld.o(.text)
    EXTI3_IRQHandler                         0x0800011f   Thumb Code     0  startup_stm32f10x_ld.o(.text)
    EXTI4_IRQHandler                         0x0800011f   Thumb Code     0  startup_stm32f10x_ld.o(.text)
    EXTI9_5_IRQHandler                       0x0800011f   Thumb Code     0  startup_stm32f10x_ld.o(.text)
    FLASH_IRQHandler                         0x0800011f   Thumb Code     0  startup_stm32f10x_ld.o(.text)
    I2C1_ER_IRQHandler                       0x0800011f   Thumb Code     0  startup_stm32f10x_ld.o(.text)
    I2C1_EV_IRQHandler                       0x0800011f   Thumb Code     0  startup_stm32f10x_ld.o(.text)
    PVD_IRQHandler                           0x0800011f   Thumb Code     0  startup_stm32f10x_ld.o(.text)
    RCC_IRQHandler                           0x0800011f   Thumb Code     0  startup_stm32f10x_ld.o(.text)
    RTCAlarm_IRQHandler                      0x0800011f   Thumb Code     0  startup_stm32f10x_ld.o(.text)
    RTC_IRQHandler                           0x0800011f   Thumb Code     0  startup_stm32f10x_ld.o(.text)
    SPI1_IRQHandler                          0x0800011f   Thumb Code     0  startup_stm32f10x_ld.o(.text)
    TAMPER_IRQHandler                        0x0800011f   Thumb Code     0  startup_stm32f10x_ld.o(.text)
    TIM1_BRK_IRQHandler                      0x0800011f   Thumb Code     0  startup_stm32f10x_ld.o(.text)
    TIM1_CC_IRQHandler                       0x0800011f   Thumb Code     0  startup_stm32f10x_ld.o(.text)
    TIM1_TRG_COM_IRQHandler                  0x0800011f   Thumb Code     0  startup_stm32f10x_ld.o(.text)
    TIM1_UP_IRQHandler                       0x0800011f   Thumb Code     0  startup_stm32f10x_ld.o(.text)
    TIM3_IRQHandler                          0x0800011f   Thumb Code     0  startup_stm32f10x_ld.o(.text)
    USART2_IRQHandler                        0x0800011f   Thumb Code     0  startup_stm32f10x_ld.o(.text)
    USBWakeUp_IRQHandler                     0x0800011f   Thumb Code     0  startup_stm32f10x_ld.o(.text)
    USB_HP_CAN1_TX_IRQHandler                0x0800011f   Thumb Code     0  startup_stm32f10x_ld.o(.text)
    USB_LP_CAN1_RX0_IRQHandler               0x0800011f   Thumb Code     0  startup_stm32f10x_ld.o(.text)
    WWDG_IRQHandler                          0x0800011f   Thumb Code     0  startup_stm32f10x_ld.o(.text)
    __aeabi_dadd                             0x08000129   Thumb Code   322  dadd.o(.text)
    __aeabi_dsub                             0x0800026b   Thumb Code     6  dadd.o(.text)
    __aeabi_drsub                            0x08000271   Thumb Code     6  dadd.o(.text)
    __aeabi_dmul                             0x08000277   Thumb Code   228  dmul.o(.text)
    __aeabi_ddiv                             0x0800035b   Thumb Code   222  ddiv.o(.text)
    __aeabi_i2d                              0x08000439   Thumb Code    34  dflti.o(.text)
    __aeabi_d2iz                             0x0800045b   Thumb Code    62  dfixi.o(.text)
    __aeabi_cdrcmple                         0x08000499   Thumb Code    48  cdrcmple.o(.text)
    __aeabi_uidiv                            0x080004c9   Thumb Code     0  uidiv.o(.text)
    __aeabi_uidivmod                         0x080004c9   Thumb Code    44  uidiv.o(.text)
    __aeabi_uldivmod                         0x080004f5   Thumb Code    98  uldiv.o(.text)
    __aeabi_llsl                             0x08000557   Thumb Code    30  llshl.o(.text)
    _ll_shift_l                              0x08000557   Thumb Code     0  llshl.o(.text)
    __aeabi_llsr                             0x08000575   Thumb Code    32  llushr.o(.text)
    _ll_ushift_r                             0x08000575   Thumb Code     0  llushr.o(.text)
    __aeabi_lasr                             0x08000595   Thumb Code    36  llsshr.o(.text)
    _ll_sshift_r                             0x08000595   Thumb Code     0  llsshr.o(.text)
    __I$use$fp                               0x080005b9   Thumb Code     0  iusefp.o(.text)
    _double_round                            0x080005b9   Thumb Code    30  depilogue.o(.text)
    _double_epilogue                         0x080005d7   Thumb Code   156  depilogue.o(.text)
    __aeabi_d2ulz                            0x08000673   Thumb Code    48  dfixul.o(.text)
    __scatterload                            0x080006a5   Thumb Code    28  init.o(.text)
    __scatterload_rt2                        0x080006a5   Thumb Code     0  init.o(.text)
    AS5600_GetData                           0x080006c9   Thumb Code   130  as5600_sensor.o(i.AS5600_GetData)
    AS5600_Init                              0x08000755   Thumb Code     8  as5600_sensor.o(i.AS5600_Init)
    BusFault_Handler                         0x0800075d   Thumb Code     4  stm32f10x_it.o(i.BusFault_Handler)
    DebugMon_Handler                         0x08000761   Thumb Code     2  stm32f10x_it.o(i.DebugMon_Handler)
    Delay_us                                 0x08000763   Thumb Code    46  bsp_delay.o(i.Delay_us)
    EXTI15_10_IRQHandler                     0x08000791   Thumb Code    28  counter_sensor.o(i.EXTI15_10_IRQHandler)
    EXTI_ClearITPendingBit                   0x080007ad   Thumb Code     6  stm32f10x_exti.o(i.EXTI_ClearITPendingBit)
    EXTI_GetITStatus                         0x080007b9   Thumb Code    34  stm32f10x_exti.o(i.EXTI_GetITStatus)
    GPIO_Init                                0x080007e1   Thumb Code   278  stm32f10x_gpio.o(i.GPIO_Init)
    GPIO_ReadInputDataBit                    0x080008f7   Thumb Code    18  stm32f10x_gpio.o(i.GPIO_ReadInputDataBit)
    GPIO_SetBits                             0x08000909   Thumb Code     4  stm32f10x_gpio.o(i.GPIO_SetBits)
    GPIO_WriteBit                            0x0800090d   Thumb Code    10  stm32f10x_gpio.o(i.GPIO_WriteBit)
    HardFault_Handler                        0x08000917   Thumb Code     4  stm32f10x_it.o(i.HardFault_Handler)
    MemManage_Handler                        0x0800091b   Thumb Code     4  stm32f10x_it.o(i.MemManage_Handler)
    MyI2C_Ack                                0x0800091f   Thumb Code    22  bsp_i2c.o(i.MyI2C_Ack)
    MyI2C_Init                               0x08000935   Thumb Code    86  bsp_i2c.o(i.MyI2C_Init)
    MyI2C_NAck                               0x08000991   Thumb Code    22  bsp_i2c.o(i.MyI2C_NAck)
    MyI2C_R_SDA                              0x080009a9   Thumb Code    24  bsp_i2c.o(i.MyI2C_R_SDA)
    MyI2C_ReceiveByte                        0x080009c5   Thumb Code    50  bsp_i2c.o(i.MyI2C_ReceiveByte)
    MyI2C_SendByte                           0x080009f7   Thumb Code    50  bsp_i2c.o(i.MyI2C_SendByte)
    MyI2C_Start                              0x08000a29   Thumb Code    28  bsp_i2c.o(i.MyI2C_Start)
    MyI2C_Stop                               0x08000a45   Thumb Code    22  bsp_i2c.o(i.MyI2C_Stop)
    MyI2C_W_SCL                              0x08000a5d   Thumb Code    24  bsp_i2c.o(i.MyI2C_W_SCL)
    MyI2C_W_SDA                              0x08000a79   Thumb Code    24  bsp_i2c.o(i.MyI2C_W_SDA)
    MyI2C_WaitAck                            0x08000a95   Thumb Code    30  bsp_i2c.o(i.MyI2C_WaitAck)
    NMI_Handler                              0x08000ab3   Thumb Code     2  stm32f10x_it.o(i.NMI_Handler)
    NVIC_Init                                0x08000ab5   Thumb Code   100  misc.o(i.NVIC_Init)
    NVIC_PriorityGroupConfig                 0x08000b25   Thumb Code    10  misc.o(i.NVIC_PriorityGroupConfig)
    OLED_Clear                               0x08000b39   Thumb Code    36  oled.o(i.OLED_Clear)
    OLED_GPIO_Init                           0x08000b61   Thumb Code    92  oled.o(i.OLED_GPIO_Init)
    OLED_I2C_SendByte                        0x08000bc1   Thumb Code    62  oled.o(i.OLED_I2C_SendByte)
    OLED_I2C_Start                           0x08000bff   Thumb Code    28  oled.o(i.OLED_I2C_Start)
    OLED_I2C_Stop                            0x08000c1b   Thumb Code    22  oled.o(i.OLED_I2C_Stop)
    OLED_Init                                0x08000c31   Thumb Code   154  oled.o(i.OLED_Init)
    OLED_SetCursor                           0x08000ccb   Thumb Code    34  oled.o(i.OLED_SetCursor)
    OLED_Update                              0x08000ced   Thumb Code    36  oled.o(i.OLED_Update)
    OLED_W_SCL                               0x08000d15   Thumb Code    18  oled.o(i.OLED_W_SCL)
    OLED_W_SDA                               0x08000d2d   Thumb Code    18  oled.o(i.OLED_W_SDA)
    OLED_WriteCommand                        0x08000d45   Thumb Code    32  oled.o(i.OLED_WriteCommand)
    OLED_WriteData                           0x08000d65   Thumb Code    46  oled.o(i.OLED_WriteData)
    PendSV_Handler                           0x08000d93   Thumb Code     2  stm32f10x_it.o(i.PendSV_Handler)
    RCC_APB2PeriphClockCmd                   0x08000d95   Thumb Code    26  stm32f10x_rcc.o(i.RCC_APB2PeriphClockCmd)
    RCC_GetClocksFreq                        0x08000db5   Thumb Code   192  stm32f10x_rcc.o(i.RCC_GetClocksFreq)
    SVC_Handler                              0x08000e89   Thumb Code     2  stm32f10x_it.o(i.SVC_Handler)
    Serial_Init                              0x08000e8d   Thumb Code   164  serial.o(i.Serial_Init)
    Serial_SendByte                          0x08000f39   Thumb Code    42  serial.o(i.Serial_SendByte)
    SysTick_Handler                          0x08001051   Thumb Code     2  stm32f10x_it.o(i.SysTick_Handler)
    SystemInit                               0x08001055   Thumb Code    78  system_stm32f10x.o(i.SystemInit)
    TIM2_IRQHandler                          0x080010b5   Thumb Code    28  bsp_timer.o(i.TIM2_IRQHandler)
    TIM_ClearITPendingBit                    0x080010d1   Thumb Code     6  stm32f10x_tim.o(i.TIM_ClearITPendingBit)
    TIM_GetITStatus                          0x080010d7   Thumb Code    34  stm32f10x_tim.o(i.TIM_GetITStatus)
    USART1_IRQHandler                        0x080010f9   Thumb Code    44  serial.o(i.USART1_IRQHandler)
    USART_ClearITPendingBit                  0x08001131   Thumb Code    30  stm32f10x_usart.o(i.USART_ClearITPendingBit)
    USART_Cmd                                0x0800114f   Thumb Code    24  stm32f10x_usart.o(i.USART_Cmd)
    USART_GetFlagStatus                      0x08001167   Thumb Code    26  stm32f10x_usart.o(i.USART_GetFlagStatus)
    USART_GetITStatus                        0x08001181   Thumb Code    84  stm32f10x_usart.o(i.USART_GetITStatus)
    USART_ITConfig                           0x080011d5   Thumb Code    74  stm32f10x_usart.o(i.USART_ITConfig)
    USART_Init                               0x08001221   Thumb Code   210  stm32f10x_usart.o(i.USART_Init)
    USART_ReceiveData                        0x080012f9   Thumb Code    10  stm32f10x_usart.o(i.USART_ReceiveData)
    USART_SendData                           0x08001303   Thumb Code     8  stm32f10x_usart.o(i.USART_SendData)
    UsageFault_Handler                       0x0800130b   Thumb Code     4  stm32f10x_it.o(i.UsageFault_Handler)
    __0printf                                0x08001311   Thumb Code    22  printfa.o(i.__0printf)
    __1printf                                0x08001311   Thumb Code     0  printfa.o(i.__0printf)
    __2printf                                0x08001311   Thumb Code     0  printfa.o(i.__0printf)
    __c89printf                              0x08001311   Thumb Code     0  printfa.o(i.__0printf)
    printf                                   0x08001311   Thumb Code     0  printfa.o(i.__0printf)
    __scatterload_copy                       0x08001331   Thumb Code    14  handlers.o(i.__scatterload_copy)
    __scatterload_null                       0x0800133f   Thumb Code     2  handlers.o(i.__scatterload_null)
    __scatterload_zeroinit                   0x08001341   Thumb Code    14  handlers.o(i.__scatterload_zeroinit)
    fputc                                    0x08001d21   Thumb Code    16  serial.o(i.fputc)
    main                                     0x08001d31   Thumb Code   134  main.o(i.main)
    Region$$Table$$Base                      0x08001e80   Number         0  anon$$obj.o(Region$$Table)
    Region$$Table$$Limit                     0x08001ea0   Number         0  anon$$obj.o(Region$$Table)
    __stdout                                 0x20000020   Data           4  stdout.o(.data)
    OLED_DisplayBuf                          0x20000024   Data        1024  oled.o(.bss)
    __initial_sp                             0x20000828   Data           0  startup_stm32f10x_ld.o(STACK)



==============================================================================

Memory Map of the image

  Image Entry point : 0x080000ed

  Load Region LR_IROM1 (Base: 0x08000000, Size: 0x00001ec4, Max: 0x00008000, ABSOLUTE)

    Execution Region ER_IROM1 (Exec base: 0x08000000, Load base: 0x08000000, Size: 0x00001ea0, Max: 0x00008000, ABSOLUTE)

    Exec Addr    Load Addr    Size         Type   Attr      Idx    E Section Name        Object

    0x08000000   0x08000000   0x000000ec   Data   RO         4438    RESET               startup_stm32f10x_ld.o
    0x080000ec   0x080000ec   0x00000000   Code   RO         4473  * .ARM.Collect$$$$00000000  mc_w.l(entry.o)
    0x080000ec   0x080000ec   0x00000004   Code   RO         4811    .ARM.Collect$$$$00000001  mc_w.l(entry2.o)
    0x080000f0   0x080000f0   0x00000004   Code   RO         4814    .ARM.Collect$$$$00000004  mc_w.l(entry5.o)
    0x080000f4   0x080000f4   0x00000000   Code   RO         4816    .ARM.Collect$$$$00000008  mc_w.l(entry7b.o)
    0x080000f4   0x080000f4   0x00000000   Code   RO         4818    .ARM.Collect$$$$0000000A  mc_w.l(entry8b.o)
    0x080000f4   0x080000f4   0x00000008   Code   RO         4819    .ARM.Collect$$$$0000000B  mc_w.l(entry9a.o)
    0x080000fc   0x080000fc   0x00000004   Code   RO         4826    .ARM.Collect$$$$0000000E  mc_w.l(entry12b.o)
    0x08000100   0x08000100   0x00000000   Code   RO         4821    .ARM.Collect$$$$0000000F  mc_w.l(entry10a.o)
    0x08000100   0x08000100   0x00000000   Code   RO         4823    .ARM.Collect$$$$00000011  mc_w.l(entry11a.o)
    0x08000100   0x08000100   0x00000004   Code   RO         4812    .ARM.Collect$$$$00002712  mc_w.l(entry2.o)
    0x08000104   0x08000104   0x00000024   Code   RO         4439    .text               startup_stm32f10x_ld.o
    0x08000128   0x08000128   0x0000014e   Code   RO         4756    .text               mf_w.l(dadd.o)
    0x08000276   0x08000276   0x000000e4   Code   RO         4758    .text               mf_w.l(dmul.o)
    0x0800035a   0x0800035a   0x000000de   Code   RO         4760    .text               mf_w.l(ddiv.o)
    0x08000438   0x08000438   0x00000022   Code   RO         4766    .text               mf_w.l(dflti.o)
    0x0800045a   0x0800045a   0x0000003e   Code   RO         4772    .text               mf_w.l(dfixi.o)
    0x08000498   0x08000498   0x00000030   Code   RO         4778    .text               mf_w.l(cdrcmple.o)
    0x080004c8   0x080004c8   0x0000002c   Code   RO         4828    .text               mc_w.l(uidiv.o)
    0x080004f4   0x080004f4   0x00000062   Code   RO         4830    .text               mc_w.l(uldiv.o)
    0x08000556   0x08000556   0x0000001e   Code   RO         4832    .text               mc_w.l(llshl.o)
    0x08000574   0x08000574   0x00000020   Code   RO         4834    .text               mc_w.l(llushr.o)
    0x08000594   0x08000594   0x00000024   Code   RO         4836    .text               mc_w.l(llsshr.o)
    0x080005b8   0x080005b8   0x00000000   Code   RO         4851    .text               mc_w.l(iusefp.o)
    0x080005b8   0x080005b8   0x000000ba   Code   RO         4854    .text               mf_w.l(depilogue.o)
    0x08000672   0x08000672   0x00000030   Code   RO         4858    .text               mf_w.l(dfixul.o)
    0x080006a2   0x080006a2   0x00000002   PAD
    0x080006a4   0x080006a4   0x00000024   Code   RO         4864    .text               mc_w.l(init.o)
    0x080006c8   0x080006c8   0x0000008c   Code   RO         3638    i.AS5600_GetData    as5600_sensor.o
    0x08000754   0x08000754   0x00000008   Code   RO         3642    i.AS5600_Init       as5600_sensor.o
    0x0800075c   0x0800075c   0x00000004   Code   RO         3218    i.BusFault_Handler  stm32f10x_it.o
    0x08000760   0x08000760   0x00000002   Code   RO         3219    i.DebugMon_Handler  stm32f10x_it.o
    0x08000762   0x08000762   0x0000002e   Code   RO         3283    i.Delay_us          bsp_delay.o
    0x08000790   0x08000790   0x0000001c   Code   RO         3714    i.EXTI15_10_IRQHandler  counter_sensor.o
    0x080007ac   0x080007ac   0x0000000c   Code   RO         1019    i.EXTI_ClearITPendingBit  stm32f10x_exti.o
    0x080007b8   0x080007b8   0x00000028   Code   RO         1023    i.EXTI_GetITStatus  stm32f10x_exti.o
    0x080007e0   0x080007e0   0x00000116   Code   RO         1381    i.GPIO_Init         stm32f10x_gpio.o
    0x080008f6   0x080008f6   0x00000012   Code   RO         1385    i.GPIO_ReadInputDataBit  stm32f10x_gpio.o
    0x08000908   0x08000908   0x00000004   Code   RO         1389    i.GPIO_SetBits      stm32f10x_gpio.o
    0x0800090c   0x0800090c   0x0000000a   Code   RO         1392    i.GPIO_WriteBit     stm32f10x_gpio.o
    0x08000916   0x08000916   0x00000004   Code   RO         3220    i.HardFault_Handler  stm32f10x_it.o
    0x0800091a   0x0800091a   0x00000004   Code   RO         3221    i.MemManage_Handler  stm32f10x_it.o
    0x0800091e   0x0800091e   0x00000016   Code   RO         3381    i.MyI2C_Ack         bsp_i2c.o
    0x08000934   0x08000934   0x0000005c   Code   RO         3382    i.MyI2C_Init        bsp_i2c.o
    0x08000990   0x08000990   0x00000016   Code   RO         3383    i.MyI2C_NAck        bsp_i2c.o
    0x080009a6   0x080009a6   0x00000002   PAD
    0x080009a8   0x080009a8   0x0000001c   Code   RO         3384    i.MyI2C_R_SDA       bsp_i2c.o
    0x080009c4   0x080009c4   0x00000032   Code   RO         3385    i.MyI2C_ReceiveByte  bsp_i2c.o
    0x080009f6   0x080009f6   0x00000032   Code   RO         3386    i.MyI2C_SendByte    bsp_i2c.o
    0x08000a28   0x08000a28   0x0000001c   Code   RO         3387    i.MyI2C_Start       bsp_i2c.o
    0x08000a44   0x08000a44   0x00000016   Code   RO         3388    i.MyI2C_Stop        bsp_i2c.o
    0x08000a5a   0x08000a5a   0x00000002   PAD
    0x08000a5c   0x08000a5c   0x0000001c   Code   RO         3389    i.MyI2C_W_SCL       bsp_i2c.o
    0x08000a78   0x08000a78   0x0000001c   Code   RO         3390    i.MyI2C_W_SDA       bsp_i2c.o
    0x08000a94   0x08000a94   0x0000001e   Code   RO         3391    i.MyI2C_WaitAck     bsp_i2c.o
    0x08000ab2   0x08000ab2   0x00000002   Code   RO         3222    i.NMI_Handler       stm32f10x_it.o
    0x08000ab4   0x08000ab4   0x00000070   Code   RO          130    i.NVIC_Init         misc.o
    0x08000b24   0x08000b24   0x00000014   Code   RO          131    i.NVIC_PriorityGroupConfig  misc.o
    0x08000b38   0x08000b38   0x00000028   Code   RO         3968    i.OLED_Clear        oled.o
    0x08000b60   0x08000b60   0x00000060   Code   RO         3977    i.OLED_GPIO_Init    oled.o
    0x08000bc0   0x08000bc0   0x0000003e   Code   RO         3979    i.OLED_I2C_SendByte  oled.o
    0x08000bfe   0x08000bfe   0x0000001c   Code   RO         3980    i.OLED_I2C_Start    oled.o
    0x08000c1a   0x08000c1a   0x00000016   Code   RO         3981    i.OLED_I2C_Stop     oled.o
    0x08000c30   0x08000c30   0x0000009a   Code   RO         3982    i.OLED_Init         oled.o
    0x08000cca   0x08000cca   0x00000022   Code   RO         3988    i.OLED_SetCursor    oled.o
    0x08000cec   0x08000cec   0x00000028   Code   RO         3997    i.OLED_Update       oled.o
    0x08000d14   0x08000d14   0x00000018   Code   RO         3999    i.OLED_W_SCL        oled.o
    0x08000d2c   0x08000d2c   0x00000018   Code   RO         4000    i.OLED_W_SDA        oled.o
    0x08000d44   0x08000d44   0x00000020   Code   RO         4001    i.OLED_WriteCommand  oled.o
    0x08000d64   0x08000d64   0x0000002e   Code   RO         4002    i.OLED_WriteData    oled.o
    0x08000d92   0x08000d92   0x00000002   Code   RO         3223    i.PendSV_Handler    stm32f10x_it.o
    0x08000d94   0x08000d94   0x00000020   Code   RO         1805    i.RCC_APB2PeriphClockCmd  stm32f10x_rcc.o
    0x08000db4   0x08000db4   0x000000d4   Code   RO         1813    i.RCC_GetClocksFreq  stm32f10x_rcc.o
    0x08000e88   0x08000e88   0x00000002   Code   RO         3224    i.SVC_Handler       stm32f10x_it.o
    0x08000e8a   0x08000e8a   0x00000002   PAD
    0x08000e8c   0x08000e8c   0x000000ac   Code   RO         4265    i.Serial_Init       serial.o
    0x08000f38   0x08000f38   0x00000030   Code   RO         4267    i.Serial_SendByte   serial.o
    0x08000f68   0x08000f68   0x00000008   Code   RO           17    i.SetSysClock       system_stm32f10x.o
    0x08000f70   0x08000f70   0x000000e0   Code   RO           18    i.SetSysClockTo72   system_stm32f10x.o
    0x08001050   0x08001050   0x00000002   Code   RO         3225    i.SysTick_Handler   stm32f10x_it.o
    0x08001052   0x08001052   0x00000002   PAD
    0x08001054   0x08001054   0x00000060   Code   RO           20    i.SystemInit        system_stm32f10x.o
    0x080010b4   0x080010b4   0x0000001c   Code   RO         3308    i.TIM2_IRQHandler   bsp_timer.o
    0x080010d0   0x080010d0   0x00000006   Code   RO         2441    i.TIM_ClearITPendingBit  stm32f10x_tim.o
    0x080010d6   0x080010d6   0x00000022   Code   RO         2467    i.TIM_GetITStatus   stm32f10x_tim.o
    0x080010f8   0x080010f8   0x00000038   Code   RO         4273    i.USART1_IRQHandler  serial.o
    0x08001130   0x08001130   0x0000001e   Code   RO         2982    i.USART_ClearITPendingBit  stm32f10x_usart.o
    0x0800114e   0x0800114e   0x00000018   Code   RO         2985    i.USART_Cmd         stm32f10x_usart.o
    0x08001166   0x08001166   0x0000001a   Code   RO         2988    i.USART_GetFlagStatus  stm32f10x_usart.o
    0x08001180   0x08001180   0x00000054   Code   RO         2989    i.USART_GetITStatus  stm32f10x_usart.o
    0x080011d4   0x080011d4   0x0000004a   Code   RO         2991    i.USART_ITConfig    stm32f10x_usart.o
    0x0800121e   0x0800121e   0x00000002   PAD
    0x08001220   0x08001220   0x000000d8   Code   RO         2992    i.USART_Init        stm32f10x_usart.o
    0x080012f8   0x080012f8   0x0000000a   Code   RO         2999    i.USART_ReceiveData  stm32f10x_usart.o
    0x08001302   0x08001302   0x00000008   Code   RO         3002    i.USART_SendData    stm32f10x_usart.o
    0x0800130a   0x0800130a   0x00000004   Code   RO         3226    i.UsageFault_Handler  stm32f10x_it.o
    0x0800130e   0x0800130e   0x00000002   PAD
    0x08001310   0x08001310   0x00000020   Code   RO         4722    i.__0printf         mc_w.l(printfa.o)
    0x08001330   0x08001330   0x0000000e   Code   RO         4870    i.__scatterload_copy  mc_w.l(handlers.o)
    0x0800133e   0x0800133e   0x00000002   Code   RO         4871    i.__scatterload_null  mc_w.l(handlers.o)
    0x08001340   0x08001340   0x0000000e   Code   RO         4872    i.__scatterload_zeroinit  mc_w.l(handlers.o)
    0x0800134e   0x0800134e   0x00000002   PAD
    0x08001350   0x08001350   0x00000090   Code   RO         3392    i._clock_init       bsp_i2c.o
    0x080013e0   0x080013e0   0x00000184   Code   RO         4729    i._fp_digits        mc_w.l(printfa.o)
    0x08001564   0x08001564   0x000006b4   Code   RO         4730    i._printf_core      mc_w.l(printfa.o)
    0x08001c18   0x08001c18   0x00000024   Code   RO         4731    i._printf_post_padding  mc_w.l(printfa.o)
    0x08001c3c   0x08001c3c   0x0000002e   Code   RO         4732    i._printf_pre_padding  mc_w.l(printfa.o)
    0x08001c6a   0x08001c6a   0x0000005a   Code   RO         3643    i._readArrayReg     as5600_sensor.o
    0x08001cc4   0x08001cc4   0x0000003c   Code   RO         3644    i._readReg          as5600_sensor.o
    0x08001d00   0x08001d00   0x00000010   Code   RO         3313    i._update           bsp_timer.o
    0x08001d10   0x08001d10   0x00000010   Code   RO         3715    i._update           counter_sensor.o
    0x08001d20   0x08001d20   0x00000010   Code   RO         4275    i.fputc             serial.o
    0x08001d30   0x08001d30   0x00000150   Code   RO         4443    i.main              main.o
    0x08001e80   0x08001e80   0x00000020   Data   RO         4868    Region$$Table       anon$$obj.o


    Execution Region RW_IRAM1 (Exec base: 0x20000000, Load base: 0x08001ea0, Size: 0x00000828, Max: 0x00002800, ABSOLUTE)

    Exec Addr    Load Addr    Size         Type   Attr      Idx    E Section Name        Object

    0x20000000   0x08001ea0   0x00000014   Data   RW         1833    .data               stm32f10x_rcc.o
    0x20000014   0x08001eb4   0x00000002   Data   RW         3314    .data               bsp_timer.o
    0x20000016   0x08001eb6   0x00000002   PAD
    0x20000018   0x08001eb8   0x00000004   Data   RW         3716    .data               counter_sensor.o
    0x2000001c   0x08001ebc   0x00000002   Data   RW         4276    .data               serial.o
    0x2000001e   0x08001ebe   0x00000002   PAD
    0x20000020   0x08001ec0   0x00000004   Data   RW         4827    .data               mc_w.l(stdout.o)
    0x20000024        -       0x00000400   Zero   RW         4004    .bss                oled.o
    0x20000424   0x08001ec4   0x00000004   PAD
    0x20000428        -       0x00000400   Zero   RW         4436    STACK               startup_stm32f10x_ld.o


==============================================================================

Image component sizes


      Code (inc. data)   RO Data    RW Data    ZI Data      Debug   Object Name

       298         10          0          0          0       3395   as5600_sensor.o
        46          0          0          0          0        479   bsp_delay.o
       544         46          0          0          0       6588   bsp_i2c.o
        44          4          0          2          0       1518   bsp_timer.o
         0          0          0          0          0       4548   core_cm3.o
        44          4          0          4          0       1571   counter_sensor.o
       336        202          0          0          0        535   main.o
       132         22          0          0          0      12391   misc.o
       602         24          0          0       1024       7827   oled.o
       292         26          0          2          0       3708   serial.o
        36          8        236          0       1024        816   startup_stm32f10x_ld.o
        52         12          0          0          0       1212   stm32f10x_exti.o
       310          0          0          0          0      12519   stm32f10x_gpio.o
        26          0          0          0          0       4406   stm32f10x_it.o
       244         26          0         20          0      13009   stm32f10x_rcc.o
        40          0          0          0          0      22482   stm32f10x_tim.o
       472          6          0          0          0      13423   stm32f10x_usart.o
       328         28          0          0          0     221081   system_stm32f10x.o

    ----------------------------------------------------------------------
      3858        418        268         32       2052     331508   Object Totals
         0          0         32          0          0          0   (incl. Generated)
        12          0          0          4          4          0   (incl. Padding)

    ----------------------------------------------------------------------

      Code (inc. data)   RO Data    RW Data    ZI Data      Debug   Library Member Name

         0          0          0          0          0          0   entry.o
         0          0          0          0          0          0   entry10a.o
         0          0          0          0          0          0   entry11a.o
         4          0          0          0          0          0   entry12b.o
         8          4          0          0          0          0   entry2.o
         4          0          0          0          0          0   entry5.o
         0          0          0          0          0          0   entry7b.o
         0          0          0          0          0          0   entry8b.o
         8          4          0          0          0          0   entry9a.o
        30          0          0          0          0          0   handlers.o
        36          8          0          0          0         68   init.o
         0          0          0          0          0          0   iusefp.o
        30          0          0          0          0         68   llshl.o
        36          0          0          0          0         68   llsshr.o
        32          0          0          0          0         68   llushr.o
      2218         90          0          0          0        464   printfa.o
         0          0          0          4          0          0   stdout.o
        44          0          0          0          0         80   uidiv.o
        98          0          0          0          0         92   uldiv.o
        48          0          0          0          0         68   cdrcmple.o
       334          0          0          0          0        148   dadd.o
       222          0          0          0          0        100   ddiv.o
       186          0          0          0          0        176   depilogue.o
        62          0          0          0          0         80   dfixi.o
        48          0          0          0          0         68   dfixul.o
        34          0          0          0          0         76   dflti.o
       228          0          0          0          0         96   dmul.o

    ----------------------------------------------------------------------
      3714        106          0          4          0       1720   Library Totals
         4          0          0          0          0          0   (incl. Padding)

    ----------------------------------------------------------------------

      Code (inc. data)   RO Data    RW Data    ZI Data      Debug   Library Name

      2548        106          0          4          0        908   mc_w.l
      1162          0          0          0          0        812   mf_w.l

    ----------------------------------------------------------------------
      3714        106          0          4          0       1720   Library Totals

    ----------------------------------------------------------------------

==============================================================================


      Code (inc. data)   RO Data    RW Data    ZI Data      Debug   

      7572        524        268         36       2052     329012   Grand Totals
      7572        524        268         36       2052     329012   ELF Image Totals
      7572        524        268         36          0          0   ROM Totals

==============================================================================

    Total RO  Size (Code + RO Data)                 7840 (   7.66kB)
    Total RW  Size (RW Data + ZI Data)              2088 (   2.04kB)
    Total ROM Size (Code + RO Data + RW Data)       7876 (   7.69kB)

==============================================================================

